  Symbol name  : AlpcAdjustCompletionListConcurrencyCount
  Symbol name  : AlpcFreeCompletionListMessage
  Symbol name  : AlpcGetCompletionListLastMessageInformation
  Symbol name  : AlpcGetCompletionListMessageAttributes
  Symbol name  : AlpcGetHeaderSize
  Symbol name  : AlpcGetMessageAttribute
  Symbol name  : AlpcGetMessageFromCompletionList
  Symbol name  : AlpcGetOutstandingCompletionListMessageCount
  Symbol name  : AlpcInitializeMessageAttribute
  Symbol name  : AlpcMaxAllowedMessageLength
  Symbol name  : AlpcRegisterCompletionList
  Symbol name  : AlpcRegisterCompletionListWorkerThread
  Symbol name  : AlpcUnregisterCompletionList
  Symbol name  : AlpcUnregisterCompletionListWorkerThread
  Symbol name  : CsrAllocateCaptureBuffer
  Symbol name  : CsrAllocateMessagePointer
  Symbol name  : CsrCaptureMessageBuffer
  Symbol name  : CsrCaptureMessageMultiUnicodeStringsInPlace
  Symbol name  : CsrCaptureMessageString
  Symbol name  : CsrCaptureTimeout
  Symbol name  : CsrClientCallServer
  Symbol name  : CsrClientConnectToServer
  Symbol name  : CsrFreeCaptureBuffer
  Symbol name  : CsrGetProcessId
  Symbol name  : CsrIdentifyAlertableThread
  Symbol name  : CsrSetPriorityClass
  Symbol name  : CsrVerifyRegion
  Symbol name  : DbgBreakPoint
  Symbol name  : DbgPrint
  Symbol name  : DbgPrintEx
  Symbol name  : DbgPrintReturnControlC
  Symbol name  : DbgPrompt
  Symbol name  : DbgQueryDebugFilterState
  Symbol name  : DbgSetDebugFilterState
  Symbol name  : DbgUiConnectToDbg
  Symbol name  : DbgUiContinue
  Symbol name  : DbgUiConvertStateChangeStructure
  Symbol name  : DbgUiDebugActiveProcess
  Symbol name  : DbgUiGetThreadDebugObject
  Symbol name  : DbgUiIssueRemoteBreakin
  Symbol name  : DbgUiRemoteBreakin
  Symbol name  : DbgUiSetThreadDebugObject
  Symbol name  : DbgUiStopDebugging
  Symbol name  : DbgUiWaitStateChange
  Symbol name  : DbgUserBreakPoint
  Symbol name  : EtwCreateTraceInstanceId
  Symbol name  : EtwDeliverDataBlock
  Symbol name  : EtwEnumerateProcessRegGuids
  Symbol name  : EtwEventActivityIdControl
  Symbol name  : EtwEventEnabled
  Symbol name  : EtwEventProviderEnabled
  Symbol name  : EtwEventRegister
  Symbol name  : EtwEventUnregister
  Symbol name  : EtwEventWrite
  Symbol name  : EtwEventWriteEndScenario
  Symbol name  : EtwEventWriteFull
  Symbol name  : EtwEventWriteStartScenario
  Symbol name  : EtwEventWriteString
  Symbol name  : EtwEventWriteTransfer
  Symbol name  : EtwGetTraceEnableFlags
  Symbol name  : EtwGetTraceEnableLevel
  Symbol name  : EtwGetTraceLoggerHandle
  Symbol name  : EtwLogTraceEvent
  Symbol name  : EtwNotificationRegister
  Symbol name  : EtwNotificationUnregister
  Symbol name  : EtwpCreateEtwThread
  Symbol name  : EtwpGetCpuSpeed
  Symbol name  : EtwProcessPrivateLoggerRequest
  Symbol name  : EtwRegisterSecurityProvider
  Symbol name  : EtwRegisterTraceGuidsA
  Symbol name  : EtwRegisterTraceGuidsW
  Symbol name  : EtwReplyNotification
  Symbol name  : EtwSendNotification
  Symbol name  : EtwTraceEventInstance
  Symbol name  : EtwTraceMessage
  Symbol name  : EtwTraceMessageVa
  Symbol name  : EtwUnregisterTraceGuids
  Symbol name  : EtwWriteUMSecurityEvent
  Symbol name  : LdrAccessResource
  Symbol name  : LdrAddLoadAsDataTable
  Symbol name  : LdrAddRefDll
  Symbol name  : LdrDisableThreadCalloutsForDll
  Symbol name  : LdrEnumerateLoadedModules
  Symbol name  : LdrEnumResources
  Symbol name  : LdrFindEntryForAddress
  Symbol name  : LdrFindResource_U
  Symbol name  : LdrFindResourceDirectory_U
  Symbol name  : LdrFindResourceEx_U
  Symbol name  : LdrFlushAlternateResourceModules
  Symbol name  : LdrGetDllHandle
  Symbol name  : LdrGetDllHandleEx
  Symbol name  : LdrGetFileNameFromLoadAsDataTable
  Symbol name  : LdrGetKnownDllSectionHandle
  Symbol name  : LdrGetProcedureAddress
  Symbol name  : LdrGetProcedureAddressEx
  Symbol name  : LdrInitShimEngineDynamic
  Symbol name  : LdrLoadAlternateResourceModule
  Symbol name  : LdrLoadAlternateResourceModuleEx
  Symbol name  : LdrLoadDll
  Symbol name  : LdrLockLoaderLock
  Symbol name  : LdrOpenImageFileOptionsKey
  Symbol name  : LdrpResGetMappingSize
  Symbol name  : LdrpResGetRCConfig
  Symbol name  : LdrpResGetResourceDirectory
  Symbol name  : LdrProcessInitializationComplete
  Symbol name  : LdrProcessRelocationBlock
  Symbol name  : LdrQueryImageFileExecutionOptions
  Symbol name  : LdrQueryImageFileExecutionOptionsEx
  Symbol name  : LdrQueryImageFileKeyOption
  Symbol name  : LdrQueryModuleServiceTags
  Symbol name  : LdrQueryProcessModuleInformation
  Symbol name  : LdrRemoveLoadAsDataTable
  Symbol name  : LdrResFindResource
  Symbol name  : LdrResFindResourceDirectory
  Symbol name  : LdrResRelease
  Symbol name  : LdrResSearchResource
  Symbol name  : LdrSetAppCompatDllRedirectionCallback
  Symbol name  : LdrSetDllManifestProber
  Symbol name  : LdrSetMUICacheType
  Symbol name  : LdrShutdownProcess
  Symbol name  : LdrShutdownThread
  Symbol name  : LdrUnloadAlternateResourceModule
  Symbol name  : LdrUnloadAlternateResourceModuleEx
  Symbol name  : LdrUnloadDll
  Symbol name  : LdrUnlockLoaderLock
  Symbol name  : LdrVerifyImageMatchesChecksum
  Symbol name  : LdrVerifyImageMatchesChecksumEx
  Symbol name  : NlsAnsiCodePage
  Symbol name  : NlsMbCodePageTag
  Symbol name  : NlsMbOemCodePageTag
  Symbol name  : NtAcceptConnectPort
  Symbol name  : NtAccessCheck
  Symbol name  : NtAccessCheckAndAuditAlarm
  Symbol name  : NtAccessCheckByType
  Symbol name  : NtAccessCheckByTypeAndAuditAlarm
  Symbol name  : NtAccessCheckByTypeResultList
  Symbol name  : NtAccessCheckByTypeResultListAndAuditAlarm
  Symbol name  : NtAccessCheckByTypeResultListAndAuditAlarmByHandle
  Symbol name  : NtAcquireCMFViewOwnership
  Symbol name  : NtAddAtom
  Symbol name  : NtAddBootEntry
  Symbol name  : NtAddDriverEntry
  Symbol name  : NtAdjustGroupsToken
  Symbol name  : NtAdjustPrivilegesToken
  Symbol name  : NtAlertResumeThread
  Symbol name  : NtAlertThread
  Symbol name  : NtAllocateLocallyUniqueId
  Symbol name  : NtAllocateUserPhysicalPages
  Symbol name  : NtAllocateUuids
  Symbol name  : NtAllocateVirtualMemory
  Symbol name  : NtAlpcAcceptConnectPort
  Symbol name  : NtAlpcCancelMessage
  Symbol name  : NtAlpcConnectPort
  Symbol name  : NtAlpcCreatePort
  Symbol name  : NtAlpcCreatePortSection
  Symbol name  : NtAlpcCreateResourceReserve
  Symbol name  : NtAlpcCreateSectionView
  Symbol name  : NtAlpcCreateSecurityContext
  Symbol name  : NtAlpcDeletePortSection
  Symbol name  : NtAlpcDeleteResourceReserve
  Symbol name  : NtAlpcDeleteSectionView
  Symbol name  : NtAlpcDeleteSecurityContext
  Symbol name  : NtAlpcDisconnectPort
  Symbol name  : NtAlpcImpersonateClientOfPort
  Symbol name  : NtAlpcOpenSenderProcess
  Symbol name  : NtAlpcOpenSenderThread
  Symbol name  : NtAlpcQueryInformation
  Symbol name  : NtAlpcQueryInformationMessage
  Symbol name  : NtAlpcRevokeSecurityContext
  Symbol name  : NtAlpcSendWaitReceivePort
  Symbol name  : NtAlpcSetInformation
  Symbol name  : NtApphelpCacheControl
  Symbol name  : NtAreMappedFilesTheSame
  Symbol name  : NtAssignProcessToJobObject
  Symbol name  : NtCallbackReturn
  Symbol name  : NtCancelDeviceWakeupRequest
  Symbol name  : NtCancelIoFile
  Symbol name  : NtCancelIoFileEx
  Symbol name  : NtCancelSynchronousIoFile
  Symbol name  : NtCancelTimer
  Symbol name  : NtClearEvent
  Symbol name  : NtClose
  Symbol name  : NtCloseObjectAuditAlarm
  Symbol name  : NtCommitComplete
  Symbol name  : NtCommitEnlistment
  Symbol name  : NtCommitTransaction
  Symbol name  : NtCompactKeys
  Symbol name  : NtCompareTokens
  Symbol name  : NtCompleteConnectPort
  Symbol name  : NtCompressKey
  Symbol name  : NtConnectPort
  Symbol name  : NtContinue
  Symbol name  : NtCreateDebugObject
  Symbol name  : NtCreateDirectoryObject
  Symbol name  : NtCreateEnlistment
  Symbol name  : NtCreateEvent
  Symbol name  : NtCreateEventPair
  Symbol name  : NtCreateFile
  Symbol name  : NtCreateIoCompletion
  Symbol name  : NtCreateJobObject
  Symbol name  : NtCreateJobSet
  Symbol name  : NtCreateKey
  Symbol name  : NtCreateKeyedEvent
  Symbol name  : NtCreateKeyTransacted
  Symbol name  : NtCreateMailslotFile
  Symbol name  : NtCreateMutant
  Symbol name  : NtCreateNamedPipeFile
  Symbol name  : NtCreatePagingFile
  Symbol name  : NtCreatePort
  Symbol name  : NtCreatePrivateNamespace
  Symbol name  : NtCreateProcess
  Symbol name  : NtCreateProcessEx
  Symbol name  : NtCreateProfile
  Symbol name  : NtCreateResourceManager
  Symbol name  : NtCreateSection
  Symbol name  : NtCreateSemaphore
  Symbol name  : NtCreateSymbolicLinkObject
  Symbol name  : NtCreateThread
  Symbol name  : NtCreateThreadEx
  Symbol name  : NtCreateTimer
  Symbol name  : NtCreateToken
  Symbol name  : NtCreateTransaction
  Symbol name  : NtCreateTransactionManager
  Symbol name  : NtCreateUserProcess
  Symbol name  : NtCreateWaitablePort
  Symbol name  : NtCreateWorkerFactory
  Symbol name  : NtDebugActiveProcess
  Symbol name  : NtDebugContinue
  Symbol name  : NtDelayExecution
  Symbol name  : NtDeleteAtom
  Symbol name  : NtDeleteBootEntry
  Symbol name  : NtDeleteDriverEntry
  Symbol name  : NtDeleteFile
  Symbol name  : NtDeleteKey
  Symbol name  : NtDeleteObjectAuditAlarm
  Symbol name  : NtDeletePrivateNamespace
  Symbol name  : NtDeleteValueKey
  Symbol name  : NtDeviceIoControlFile
  Symbol name  : NtDisplayString
  Symbol name  : NtDuplicateObject
  Symbol name  : NtDuplicateToken
  Symbol name  : NtEnumerateBootEntries
  Symbol name  : NtEnumerateDriverEntries
  Symbol name  : NtEnumerateKey
  Symbol name  : NtEnumerateSystemEnvironmentValuesEx
  Symbol name  : NtEnumerateTransactionObject
  Symbol name  : NtEnumerateValueKey
  Symbol name  : NtExtendSection
  Symbol name  : NtFilterToken
  Symbol name  : NtFindAtom
  Symbol name  : NtFlushBuffersFile
  Symbol name  : NtFlushInstallUILanguage
  Symbol name  : NtFlushInstructionCache
  Symbol name  : NtFlushKey
  Symbol name  : NtFlushProcessWriteBuffers
  Symbol name  : NtFlushVirtualMemory
  Symbol name  : NtFlushWriteBuffer
  Symbol name  : NtFreeUserPhysicalPages
  Symbol name  : NtFreeVirtualMemory
  Symbol name  : NtFreezeRegistry
  Symbol name  : NtFreezeTransactions
  Symbol name  : NtFsControlFile
  Symbol name  : NtGetContextThread
  Symbol name  : NtGetCurrentProcessorNumber
  Symbol name  : NtGetDevicePowerState
  Symbol name  : NtGetMUIRegistryInfo
  Symbol name  : NtGetNextProcess
  Symbol name  : NtGetNextThread
  Symbol name  : NtGetNlsSectionPtr
  Symbol name  : NtGetNotificationResourceManager
  Symbol name  : NtGetPlugPlayEvent
  Symbol name  : NtGetTickCount
  Symbol name  : NtGetWriteWatch
  Symbol name  : NtImpersonateAnonymousToken
  Symbol name  : NtImpersonateClientOfPort
  Symbol name  : NtImpersonateThread
  Symbol name  : NtInitializeNlsFiles
  Symbol name  : NtInitializeRegistry
  Symbol name  : NtInitiatePowerAction
  Symbol name  : NtIsProcessInJob
  Symbol name  : NtIsSystemResumeAutomatic
  Symbol name  : NtIsUILanguageComitted
  Symbol name  : NtListenPort
  Symbol name  : NtLoadDriver
  Symbol name  : NtLoadKey
  Symbol name  : NtLoadKey2
  Symbol name  : NtLoadKeyEx
  Symbol name  : NtLockFile
  Symbol name  : NtLockProductActivationKeys
  Symbol name  : NtLockRegistryKey
  Symbol name  : NtLockVirtualMemory
  Symbol name  : NtMakePermanentObject
  Symbol name  : NtMakeTemporaryObject
  Symbol name  : NtMapCMFModule
  Symbol name  : NtMapUserPhysicalPages
  Symbol name  : NtMapUserPhysicalPagesScatter
  Symbol name  : NtMapViewOfSection
  Symbol name  : NtModifyBootEntry
  Symbol name  : NtModifyDriverEntry
  Symbol name  : NtNotifyChangeDirectoryFile
  Symbol name  : NtNotifyChangeKey
  Symbol name  : NtNotifyChangeMultipleKeys
  Symbol name  : NtOpenDirectoryObject
  Symbol name  : NtOpenEnlistment
  Symbol name  : NtOpenEvent
  Symbol name  : NtOpenEventPair
  Symbol name  : NtOpenFile
  Symbol name  : NtOpenIoCompletion
  Symbol name  : NtOpenJobObject
  Symbol name  : NtOpenKey
  Symbol name  : NtOpenKeyedEvent
  Symbol name  : NtOpenKeyTransacted
  Symbol name  : NtOpenMutant
  Symbol name  : NtOpenObjectAuditAlarm
  Symbol name  : NtOpenPrivateNamespace
  Symbol name  : NtOpenProcess
  Symbol name  : NtOpenProcessToken
  Symbol name  : NtOpenProcessTokenEx
  Symbol name  : NtOpenResourceManager
  Symbol name  : NtOpenSection
  Symbol name  : NtOpenSemaphore
  Symbol name  : NtOpenSession
  Symbol name  : NtOpenSymbolicLinkObject
  Symbol name  : NtOpenThread
  Symbol name  : NtOpenThreadToken
  Symbol name  : NtOpenThreadTokenEx
  Symbol name  : NtOpenTimer
  Symbol name  : NtOpenTransaction
  Symbol name  : NtOpenTransactionManager
  Symbol name  : NtPlugPlayControl
  Symbol name  : NtPowerInformation
  Symbol name  : NtPrepareComplete
  Symbol name  : NtPrepareEnlistment
  Symbol name  : NtPrePrepareComplete
  Symbol name  : NtPrePrepareEnlistment
  Symbol name  : NtPrivilegeCheck
  Symbol name  : NtPrivilegedServiceAuditAlarm
  Symbol name  : NtPrivilegeObjectAuditAlarm
  Symbol name  : NtPropagationComplete
  Symbol name  : NtPropagationFailed
  Symbol name  : NtProtectVirtualMemory
  Symbol name  : NtPulseEvent
  Symbol name  : NtQueryAttributesFile
  Symbol name  : NtQueryBootEntryOrder
  Symbol name  : NtQueryBootOptions
  Symbol name  : NtQueryDebugFilterState
  Symbol name  : NtQueryDefaultLocale
  Symbol name  : NtQueryDefaultUILanguage
  Symbol name  : NtQueryDirectoryFile
  Symbol name  : NtQueryDirectoryObject
  Symbol name  : NtQueryDriverEntryOrder
  Symbol name  : NtQueryEaFile
  Symbol name  : NtQueryEvent
  Symbol name  : NtQueryFullAttributesFile
  Symbol name  : NtQueryInformationAtom
  Symbol name  : NtQueryInformationEnlistment
  Symbol name  : NtQueryInformationFile
  Symbol name  : NtQueryInformationJobObject
  Symbol name  : NtQueryInformationPort
  Symbol name  : NtQueryInformationProcess
  Symbol name  : NtQueryInformationResourceManager
  Symbol name  : NtQueryInformationThread
  Symbol name  : NtQueryInformationToken
  Symbol name  : NtQueryInformationTransaction
  Symbol name  : NtQueryInformationTransactionManager
  Symbol name  : NtQueryInformationWorkerFactory
  Symbol name  : NtQueryInstallUILanguage
  Symbol name  : NtQueryIntervalProfile
  Symbol name  : NtQueryIoCompletion
  Symbol name  : NtQueryKey
  Symbol name  : NtQueryLicenseValue
  Symbol name  : NtQueryMultipleValueKey
  Symbol name  : NtQueryMutant
  Symbol name  : NtQueryObject
  Symbol name  : NtQueryOpenSubKeys
  Symbol name  : NtQueryOpenSubKeysEx
  Symbol name  : NtQueryPerformanceCounter
  Symbol name  : NtQueryPortInformationProcess
  Symbol name  : NtQueryQuotaInformationFile
  Symbol name  : NtQuerySection
  Symbol name  : NtQuerySecurityObject
  Symbol name  : NtQuerySemaphore
  Symbol name  : NtQuerySymbolicLinkObject
  Symbol name  : NtQuerySystemEnvironmentValue
  Symbol name  : NtQuerySystemEnvironmentValueEx
  Symbol name  : NtQuerySystemInformation
  Symbol name  : NtQuerySystemTime
  Symbol name  : NtQueryTimer
  Symbol name  : NtQueryTimerResolution
  Symbol name  : NtQueryValueKey
  Symbol name  : NtQueryVirtualMemory
  Symbol name  : NtQueryVolumeInformationFile
  Symbol name  : NtQueueApcThread
  Symbol name  : NtRaiseException
  Symbol name  : NtRaiseHardError
  Symbol name  : NtReadFile
  Symbol name  : NtReadFileScatter
  Symbol name  : NtReadOnlyEnlistment
  Symbol name  : NtReadRequestData
  Symbol name  : NtReadVirtualMemory
  Symbol name  : NtRecoverEnlistment
  Symbol name  : NtRecoverResourceManager
  Symbol name  : NtRecoverTransactionManager
  Symbol name  : NtRegisterProtocolAddressInformation
  Symbol name  : NtRegisterThreadTerminatePort
  Symbol name  : NtReleaseCMFViewOwnership
  Symbol name  : NtReleaseKeyedEvent
  Symbol name  : NtReleaseMutant
  Symbol name  : NtReleaseSemaphore
  Symbol name  : NtReleaseWorkerFactoryWorker
  Symbol name  : NtRemoveIoCompletion
  Symbol name  : NtRemoveIoCompletionEx
  Symbol name  : NtRemoveProcessDebug
  Symbol name  : NtRenameKey
  Symbol name  : NtRenameTransactionManager
  Symbol name  : NtReplaceKey
  Symbol name  : NtReplacePartitionUnit
  Symbol name  : NtReplyPort
  Symbol name  : NtReplyWaitReceivePort
  Symbol name  : NtReplyWaitReceivePortEx
  Symbol name  : NtReplyWaitReplyPort
  Symbol name  : NtRequestDeviceWakeup
  Symbol name  : NtRequestPort
  Symbol name  : NtRequestWaitReplyPort
  Symbol name  : NtRequestWakeupLatency
  Symbol name  : NtResetEvent
  Symbol name  : NtResetWriteWatch
  Symbol name  : NtRestoreKey
  Symbol name  : NtResumeProcess
  Symbol name  : NtResumeThread
  Symbol name  : NtRollbackComplete
  Symbol name  : NtRollbackEnlistment
  Symbol name  : NtRollbackTransaction
  Symbol name  : NtRollforwardTransactionManager
  Symbol name  : NtSaveKey
  Symbol name  : NtSaveKeyEx
  Symbol name  : NtSaveMergedKeys
  Symbol name  : NtSecureConnectPort
  Symbol name  : NtSetBootEntryOrder
  Symbol name  : NtSetBootOptions
  Symbol name  : NtSetContextThread
  Symbol name  : NtSetDebugFilterState
  Symbol name  : NtSetDefaultHardErrorPort
  Symbol name  : NtSetDefaultLocale
  Symbol name  : NtSetDefaultUILanguage
  Symbol name  : NtSetDriverEntryOrder
  Symbol name  : NtSetEaFile
  Symbol name  : NtSetEvent
  Symbol name  : NtSetEventBoostPriority
  Symbol name  : NtSetHighEventPair
  Symbol name  : NtSetHighWaitLowEventPair
  Symbol name  : NtSetInformationDebugObject
  Symbol name  : NtSetInformationEnlistment
  Symbol name  : NtSetInformationFile
  Symbol name  : NtSetInformationJobObject
  Symbol name  : NtSetInformationKey
  Symbol name  : NtSetInformationObject
  Symbol name  : NtSetInformationProcess
  Symbol name  : NtSetInformationResourceManager
  Symbol name  : NtSetInformationThread
  Symbol name  : NtSetInformationToken
  Symbol name  : NtSetInformationTransaction
  Symbol name  : NtSetInformationTransactionManager
  Symbol name  : NtSetInformationWorkerFactory
  Symbol name  : NtSetIntervalProfile
  Symbol name  : NtSetIoCompletion
  Symbol name  : NtSetLdtEntries
  Symbol name  : NtSetLowEventPair
  Symbol name  : NtSetLowWaitHighEventPair
  Symbol name  : NtSetQuotaInformationFile
  Symbol name  : NtSetSecurityObject
  Symbol name  : NtSetSystemEnvironmentValue
  Symbol name  : NtSetSystemEnvironmentValueEx
  Symbol name  : NtSetSystemInformation
  Symbol name  : NtSetSystemPowerState
  Symbol name  : NtSetSystemTime
  Symbol name  : NtSetThreadExecutionState
  Symbol name  : NtSetTimer
  Symbol name  : NtSetTimerResolution
  Symbol name  : NtSetUuidSeed
  Symbol name  : NtSetValueKey
  Symbol name  : NtSetVolumeInformationFile
  Symbol name  : NtShutdownSystem
  Symbol name  : NtShutdownWorkerFactory
  Symbol name  : NtSignalAndWaitForSingleObject
  Symbol name  : NtSinglePhaseReject
  Symbol name  : NtStartProfile
  Symbol name  : NtStopProfile
  Symbol name  : NtSuspendProcess
  Symbol name  : NtSuspendThread
  Symbol name  : NtSystemDebugControl
  Symbol name  : NtTerminateJobObject
  Symbol name  : NtTerminateProcess
  Symbol name  : NtTerminateThread
  Symbol name  : NtTestAlert
  Symbol name  : NtThawRegistry
  Symbol name  : NtThawTransactions
  Symbol name  : NtTraceControl
  Symbol name  : NtTraceEvent
  Symbol name  : NtTranslateFilePath
  Symbol name  : NtUnloadDriver
  Symbol name  : NtUnloadKey
  Symbol name  : NtUnloadKey2
  Symbol name  : NtUnloadKeyEx
  Symbol name  : NtUnlockFile
  Symbol name  : NtUnlockVirtualMemory
  Symbol name  : NtUnmapViewOfSection
  Symbol name  : NtVdmControl
  Symbol name  : NtWaitForDebugEvent
  Symbol name  : NtWaitForKeyedEvent
  Symbol name  : NtWaitForMultipleObjects
  Symbol name  : NtWaitForMultipleObjects32
  Symbol name  : NtWaitForSingleObject
  Symbol name  : NtWaitForWorkViaWorkerFactory
  Symbol name  : NtWaitHighEventPair
  Symbol name  : NtWaitLowEventPair
  Symbol name  : NtWorkerFactoryWorkerReady
  Symbol name  : NtWriteFile
  Symbol name  : NtWriteFileGather
  Symbol name  : NtWriteRequestData
  Symbol name  : NtWriteVirtualMemory
  Symbol name  : NtYieldExecution
  Symbol name  : PfxFindPrefix
  Symbol name  : PfxInitialize
  Symbol name  : PfxInsertPrefix
  Symbol name  : PfxRemovePrefix
  Symbol name  : RtlAbortRXact
  Symbol name  : RtlAbsoluteToSelfRelativeSD
  Symbol name  : RtlAcquirePebLock
  Symbol name  : RtlAcquirePrivilege
  Symbol name  : RtlAcquireResourceExclusive
  Symbol name  : RtlAcquireResourceShared
  Symbol name  : RtlAcquireSRWLockExclusive
  Symbol name  : RtlAcquireSRWLockShared
  Symbol name  : RtlActivateActivationContext
  Symbol name  : RtlActivateActivationContextEx
  Symbol name  : RtlActivateActivationContextUnsafeFast
  Symbol name  : RtlAddAccessAllowedAce
  Symbol name  : RtlAddAccessAllowedAceEx
  Symbol name  : RtlAddAccessAllowedObjectAce
  Symbol name  : RtlAddAccessDeniedAce
  Symbol name  : RtlAddAccessDeniedAceEx
  Symbol name  : RtlAddAccessDeniedObjectAce
  Symbol name  : RtlAddAce
  Symbol name  : RtlAddActionToRXact
  Symbol name  : RtlAddAtomToAtomTable
  Symbol name  : RtlAddAttributeActionToRXact
  Symbol name  : RtlAddAuditAccessAce
  Symbol name  : RtlAddAuditAccessAceEx
  Symbol name  : RtlAddAuditAccessObjectAce
  Symbol name  : RtlAddFunctionTable
  Symbol name  : RtlAddMandatoryAce
  Symbol name  : RtlAddRefActivationContext
  Symbol name  : RtlAddRefMemoryStream
  Symbol name  : RtlAddressInSectionTable
  Symbol name  : RtlAddSIDToBoundaryDescriptor
  Symbol name  : RtlAddVectoredContinueHandler
  Symbol name  : RtlAddVectoredExceptionHandler
  Symbol name  : RtlAdjustPrivilege
  Symbol name  : RtlAllocateActivationContextStack
  Symbol name  : RtlAllocateAndInitializeSid
  Symbol name  : RtlAllocateHandle
  Symbol name  : RtlAllocateHeap
  Symbol name  : RtlAllocateMemoryBlockLookaside
  Symbol name  : RtlAllocateMemoryZone
  Symbol name  : RtlAnsiCharToUnicodeChar
  Symbol name  : RtlAnsiStringToUnicodeSize
  Symbol name  : RtlAnsiStringToUnicodeString
  Symbol name  : RtlAppendAsciizToString
  Symbol name  : RtlAppendPathElement
  Symbol name  : RtlAppendStringToString
  Symbol name  : RtlAppendUnicodeStringToString
  Symbol name  : RtlAppendUnicodeToString
  Symbol name  : RtlApplicationVerifierStop
  Symbol name  : RtlApplyRXact
  Symbol name  : RtlApplyRXactNoFlush
  Symbol name  : RtlAreAllAccessesGranted
  Symbol name  : RtlAreAnyAccessesGranted
  Symbol name  : RtlAreBitsClear
  Symbol name  : RtlAreBitsSet
  Symbol name  : RtlAssert
  Symbol name  : RtlCancelTimer
  Symbol name  : RtlCaptureContext
  Symbol name  : RtlCaptureStackBackTrace
  Symbol name  : RtlCharToInteger
  Symbol name  : RtlCheckForOrphanedCriticalSections
  Symbol name  : RtlCheckRegistryKey
  Symbol name  : RtlCleanUpTEBLangLists
  Symbol name  : RtlClearAllBits
  Symbol name  : RtlClearBits
  Symbol name  : RtlCloneMemoryStream
  Symbol name  : RtlCloneUserProcess
  Symbol name  : RtlCmDecodeMemIoResource
  Symbol name  : RtlCmEncodeMemIoResource
  Symbol name  : RtlCommitDebugInfo
  Symbol name  : RtlCommitMemoryStream
  Symbol name  : RtlCompactHeap
  Symbol name  : RtlCompareAltitudes
  Symbol name  : RtlCompareMemory
  Symbol name  : RtlCompareMemoryUlong
  Symbol name  : RtlCompareString
  Symbol name  : RtlCompareUnicodeString
  Symbol name  : RtlCompareUnicodeStrings
  Symbol name  : RtlCompleteProcessCloning
  Symbol name  : RtlCompressBuffer
  Symbol name  : RtlComputeCrc32
  Symbol name  : RtlComputeImportTableHash
  Symbol name  : RtlComputePrivatizedDllName_U
  Symbol name  : RtlConnectToSm
  Symbol name  : RtlConsoleMultiByteToUnicodeN
  Symbol name  : RtlConvertExclusiveToShared
  Symbol name  : RtlConvertLCIDToString
  Symbol name  : RtlConvertSharedToExclusive
  Symbol name  : RtlConvertSidToUnicodeString
  Symbol name  : RtlConvertToAutoInheritSecurityObject
  Symbol name  : RtlConvertUiListToApiList
  Symbol name  : RtlCopyLuid
  Symbol name  : RtlCopyLuidAndAttributesArray
  Symbol name  : RtlCopyMappedMemory
  Symbol name  : RtlCopyMemory
  Symbol name  : RtlCopyMemoryNonTemporal
  Symbol name  : RtlCopyMemoryStreamTo
  Symbol name  : RtlCopyOutOfProcessMemoryStreamTo
  Symbol name  : RtlCopySecurityDescriptor
  Symbol name  : RtlCopySid
  Symbol name  : RtlCopySidAndAttributesArray
  Symbol name  : RtlCopyString
  Symbol name  : RtlCopyUnicodeString
  Symbol name  : RtlCreateAcl
  Symbol name  : RtlCreateActivationContext
  Symbol name  : RtlCreateAndSetSD
  Symbol name  : RtlCreateAtomTable
  Symbol name  : RtlCreateBootStatusDataFile
  Symbol name  : RtlCreateBoundaryDescriptor
  Symbol name  : RtlCreateEnvironment
  Symbol name  : RtlCreateEnvironmentEx
  Symbol name  : RtlCreateHeap
  Symbol name  : RtlCreateMemoryBlockLookaside
  Symbol name  : RtlCreateMemoryZone
  Symbol name  : RtlCreateProcessParameters
  Symbol name  : RtlCreateProcessParametersEx
  Symbol name  : RtlCreateQueryDebugBuffer
  Symbol name  : RtlCreateRegistryKey
  Symbol name  : RtlCreateSecurityDescriptor
  Symbol name  : RtlCreateServiceSid
  Symbol name  : RtlCreateSystemVolumeInformationFolder
  Symbol name  : RtlCreateTagHeap
  Symbol name  : RtlCreateTimer
  Symbol name  : RtlCreateTimerQueue
  Symbol name  : RtlCreateUnicodeString
  Symbol name  : RtlCreateUnicodeStringFromAsciiz
  Symbol name  : RtlCreateUserProcess
  Symbol name  : RtlCreateUserSecurityObject
  Symbol name  : RtlCreateUserStack
  Symbol name  : RtlCreateUserThread
  Symbol name  : RtlCultureNameToLCID
  Symbol name  : RtlCustomCPToUnicodeN
  Symbol name  : RtlCutoverTimeToSystemTime
  Symbol name  : RtlDeactivateActivationContext
  Symbol name  : RtlDeactivateActivationContextUnsafeFast
  Symbol name  : RtlDebugPrintTimes
  Symbol name  : RtlDecodePointer
  Symbol name  : RtlDecodeSystemPointer
  Symbol name  : RtlDeCommitDebugInfo
  Symbol name  : RtlDecompressBuffer
  Symbol name  : RtlDecompressFragment
  Symbol name  : RtlDefaultNpAcl
  Symbol name  : RtlDelete
  Symbol name  : RtlDeleteAce
  Symbol name  : RtlDeleteAtomFromAtomTable
  Symbol name  : RtlDeleteBoundaryDescriptor
  Symbol name  : RtlDeleteCriticalSection
  Symbol name  : RtlDeleteElementGenericTable
  Symbol name  : RtlDeleteElementGenericTableAvl
  Symbol name  : RtlDeleteFunctionTable
  Symbol name  : RtlDeleteNoSplay
  Symbol name  : RtlDeleteRegistryValue
  Symbol name  : RtlDeleteResource
  Symbol name  : RtlDeleteSecurityObject
  Symbol name  : RtlDeleteTimer
  Symbol name  : RtlDeleteTimerQueue
  Symbol name  : RtlDeleteTimerQueueEx
  Symbol name  : RtlDeNormalizeProcessParams
  Symbol name  : RtlDeregisterSecureMemoryCacheCallback
  Symbol name  : RtlDeregisterWait
  Symbol name  : RtlDeregisterWaitEx
  Symbol name  : RtlDestroyAtomTable
  Symbol name  : RtlDestroyEnvironment
  Symbol name  : RtlDestroyHandleTable
  Symbol name  : RtlDestroyHeap
  Symbol name  : RtlDestroyMemoryBlockLookaside
  Symbol name  : RtlDestroyMemoryZone
  Symbol name  : RtlDestroyProcessParameters
  Symbol name  : RtlDestroyQueryDebugBuffer
  Symbol name  : RtlDetermineDosPathNameType_U
  Symbol name  : RtlDllShutdownInProgress
  Symbol name  : RtlDnsHostNameToComputerName
  Symbol name  : RtlDoesFileExists_U
  Symbol name  : RtlDosApplyFileIsolationRedirection_Ustr
  Symbol name  : RtlDosPathNameToNtPathName_U
  Symbol name  : RtlDosPathNameToNtPathName_U_WithStatus
  Symbol name  : RtlDosPathNameToRelativeNtPathName_U
  Symbol name  : RtlDosPathNameToRelativeNtPathName_U_WithStatus
  Symbol name  : RtlDosSearchPath_U
  Symbol name  : RtlDosSearchPath_Ustr
  Symbol name  : RtlDowncaseUnicodeChar
  Symbol name  : RtlDowncaseUnicodeString
  Symbol name  : RtlDumpResource
  Symbol name  : RtlDuplicateUnicodeString
  Symbol name  : RtlEmptyAtomTable
  Symbol name  : RtlEnableEarlyCriticalSectionEventCreation
  Symbol name  : RtlEncodePointer
  Symbol name  : RtlEncodeSystemPointer
  Symbol name  : RtlEnterCriticalSection
  Symbol name  : RtlEnumerateGenericTable
  Symbol name  : RtlEnumerateGenericTableAvl
  Symbol name  : RtlEnumerateGenericTableLikeADirectory
  Symbol name  : RtlEnumerateGenericTableWithoutSplaying
  Symbol name  : RtlEnumerateGenericTableWithoutSplayingAvl
  Symbol name  : RtlEnumProcessHeaps
  Symbol name  : RtlEqualComputerName
  Symbol name  : RtlEqualDomainName
  Symbol name  : RtlEqualLuid
  Symbol name  : RtlEqualPrefixSid
  Symbol name  : RtlEqualSid
  Symbol name  : RtlEqualString
  Symbol name  : RtlEqualUnicodeString
  Symbol name  : RtlEraseUnicodeString
  Symbol name  : RtlExitUserProcess
  Symbol name  : RtlExitUserThread
  Symbol name  : RtlExpandEnvironmentStrings
  Symbol name  : RtlExpandEnvironmentStrings_U
  Symbol name  : RtlExtendMemoryBlockLookaside
  Symbol name  : RtlExtendMemoryZone
  Symbol name  : RtlFillMemory
  Symbol name  : RtlFinalReleaseOutOfProcessMemoryStream
  Symbol name  : RtlFindActivationContextSectionGuid
  Symbol name  : RtlFindActivationContextSectionString
  Symbol name  : RtlFindCharInUnicodeString
  Symbol name  : RtlFindClearBits
  Symbol name  : RtlFindClearBitsAndSet
  Symbol name  : RtlFindClearRuns
  Symbol name  : RtlFindClosestEncodableLength
  Symbol name  : RtlFindLastBackwardRunClear
  Symbol name  : RtlFindLeastSignificantBit
  Symbol name  : RtlFindLongestRunClear
  Symbol name  : RtlFindMessage
  Symbol name  : RtlFindMostSignificantBit
  Symbol name  : RtlFindNextForwardRunClear
  Symbol name  : RtlFindSetBits
  Symbol name  : RtlFindSetBitsAndClear
  Symbol name  : RtlFirstEntrySList
  Symbol name  : RtlFirstFreeAce
  Symbol name  : RtlFlsAlloc
  Symbol name  : RtlFlsFree
  Symbol name  : RtlFlushSecureMemoryCache
  Symbol name  : RtlFormatCurrentUserKeyPath
  Symbol name  : RtlFormatMessage
  Symbol name  : RtlFormatMessageEx
  Symbol name  : RtlFreeActivationContextStack
  Symbol name  : RtlFreeAnsiString
  Symbol name  : RtlFreeHandle
  Symbol name  : RtlFreeHeap
  Symbol name  : RtlFreeMemoryBlockLookaside
  Symbol name  : RtlFreeOemString
  Symbol name  : RtlFreeSid
  Symbol name  : RtlFreeThreadActivationContextStack
  Symbol name  : RtlFreeUnicodeString
  Symbol name  : RtlFreeUserStack
  Symbol name  : RtlGenerate8dot3Name
  Symbol name  : RtlGetAce
  Symbol name  : RtlGetActiveActivationContext
  Symbol name  : RtlGetCallersAddress
  Symbol name  : RtlGetCompressionWorkSpaceSize
  Symbol name  : RtlGetControlSecurityDescriptor
  Symbol name  : RtlGetCriticalSectionRecursionCount
  Symbol name  : RtlGetCurrentDirectory_U
  Symbol name  : RtlGetCurrentPeb
  Symbol name  : RtlGetCurrentProcessorNumber
  Symbol name  : RtlGetCurrentTransaction
  Symbol name  : RtlGetDaclSecurityDescriptor
  Symbol name  : RtlGetElementGenericTable
  Symbol name  : RtlGetElementGenericTableAvl
  Symbol name  : RtlGetFileMUIPath
  Symbol name  : RtlGetFrame
  Symbol name  : RtlGetFullPathName_U
  Symbol name  : RtlGetFullPathName_UstrEx
  Symbol name  : RtlGetFunctionTableListHead
  Symbol name  : RtlGetGroupSecurityDescriptor
  Symbol name  : RtlGetIntegerAtom
  Symbol name  : RtlGetLastNtStatus
  Symbol name  : RtlGetLastWin32Error
  Symbol name  : RtlGetLengthWithoutLastFullDosOrNtPathElement
  Symbol name  : RtlGetLengthWithoutTrailingPathSeperators
  Symbol name  : RtlGetLongestNtPathLength
  Symbol name  : RtlGetNativeSystemInformation
  Symbol name  : RtlGetNtGlobalFlags
  Symbol name  : RtlGetNtProductType
  Symbol name  : RtlGetNtVersionNumbers
  Symbol name  : RtlGetOwnerSecurityDescriptor
  Symbol name  : RtlGetProcessHeaps
  Symbol name  : RtlGetProductInfo
  Symbol name  : RtlGetSaclSecurityDescriptor
  Symbol name  : RtlGetSecurityDescriptorRMControl
  Symbol name  : RtlGetSetBootStatusData
  Symbol name  : RtlGetSystemPreferredUILanguages
  Symbol name  : RtlGetThreadErrorMode
  Symbol name  : RtlGetThreadLangIdByIndex
  Symbol name  : RtlGetThreadPreferredUILanguages
  Symbol name  : RtlGetUILanguageInfo
  Symbol name  : RtlGetUnloadEventTrace
  Symbol name  : RtlGetUnloadEventTraceEx
  Symbol name  : RtlGetUserInfoHeap
  Symbol name  : RtlGetUserPreferredUILanguages
  Symbol name  : RtlGetVersion
  Symbol name  : RtlGUIDFromString
  Symbol name  : RtlHashUnicodeString
  Symbol name  : RtlHeapTrkInitialize
  Symbol name  : RtlIdentifierAuthoritySid
  Symbol name  : RtlIdnToAscii
  Symbol name  : RtlIdnToNameprepUnicode
  Symbol name  : RtlIdnToUnicode
  Symbol name  : RtlImageDirectoryEntryToData
  Symbol name  : RtlImageNtHeader
  Symbol name  : RtlImageNtHeaderEx
  Symbol name  : RtlImageRvaToSection
  Symbol name  : RtlImageRvaToVa
  Symbol name  : RtlImpersonateSelf
  Symbol name  : RtlImpersonateSelfEx
  Symbol name  : RtlInitAnsiString
  Symbol name  : RtlInitAnsiStringEx
  Symbol name  : RtlInitCodePageTable
  Symbol name  : RtlInitializeAtomPackage
  Symbol name  : RtlInitializeBitMap
  Symbol name  : RtlInitializeConditionVariable
  Symbol name  : RtlInitializeCriticalSection
  Symbol name  : RtlInitializeCriticalSectionAndSpinCount
  Symbol name  : RtlInitializeCriticalSectionEx
  Symbol name  : RtlInitializeGenericTable
  Symbol name  : RtlInitializeGenericTableAvl
  Symbol name  : RtlInitializeHandleTable
  Symbol name  : RtlInitializeResource
  Symbol name  : RtlInitializeRXact
  Symbol name  : RtlInitializeSid
  Symbol name  : RtlInitializeSListHead
  Symbol name  : RtlInitializeSRWLock
  Symbol name  : RtlInitMemoryStream
  Symbol name  : RtlInitNlsTables
  Symbol name  : RtlInitOutOfProcessMemoryStream
  Symbol name  : RtlInitString
  Symbol name  : RtlInitUnicodeString
  Symbol name  : RtlInitUnicodeStringEx
  Symbol name  : RtlInsertElementGenericTable
  Symbol name  : RtlInsertElementGenericTableAvl
  Symbol name  : RtlInsertElementGenericTableFull
  Symbol name  : RtlInsertElementGenericTableFullAvl
  Symbol name  : RtlInstallFunctionTableCallback
  Symbol name  : RtlInt64ToUnicodeString
  Symbol name  : RtlIntegerToChar
  Symbol name  : RtlIntegerToUnicodeString
  Symbol name  : RtlInterlockedFlushSList
  Symbol name  : RtlInterlockedPopEntrySList
  Symbol name  : RtlInterlockedPushEntrySList
  Symbol name  : RtlInterlockedPushListSList
  Symbol name  : RtlIoDecodeMemIoResource
  Symbol name  : RtlIoEncodeMemIoResource
  Symbol name  : RtlIpv4AddressToStringA
  Symbol name  : RtlIpv4AddressToStringExA
  Symbol name  : RtlIpv4AddressToStringExW
  Symbol name  : RtlIpv4AddressToStringW
  Symbol name  : RtlIpv4StringToAddressA
  Symbol name  : RtlIpv4StringToAddressExA
  Symbol name  : RtlIpv4StringToAddressExW
  Symbol name  : RtlIpv4StringToAddressW
  Symbol name  : RtlIpv6AddressToStringA
  Symbol name  : RtlIpv6AddressToStringExA
  Symbol name  : RtlIpv6AddressToStringExW
  Symbol name  : RtlIpv6AddressToStringW
  Symbol name  : RtlIpv6StringToAddressA
  Symbol name  : RtlIpv6StringToAddressExA
  Symbol name  : RtlIpv6StringToAddressExW
  Symbol name  : RtlIpv6StringToAddressW
  Symbol name  : RtlIsActivationContextActive
  Symbol name  : RtlIsCriticalSectionLocked
  Symbol name  : RtlIsCriticalSectionLockedByThread
  Symbol name  : RtlIsDosDeviceName_U
  Symbol name  : RtlIsGenericTableEmpty
  Symbol name  : RtlIsGenericTableEmptyAvl
  Symbol name  : RtlIsNameLegalDOS8Dot3
  Symbol name  : RtlIsNormalizedString
  Symbol name  : RtlIsTextUnicode
  Symbol name  : RtlIsThreadWithinLoaderCallout
  Symbol name  : RtlIsValidHandle
  Symbol name  : RtlIsValidIndexHandle
  Symbol name  : RtlIsValidLocaleName
  Symbol name  : RtlLargeIntegerToChar
  Symbol name  : RtlLCIDToCultureName
  Symbol name  : RtlLcidToLocaleName
  Symbol name  : RtlLeaveCriticalSection
  Symbol name  : RtlLengthRequiredSid
  Symbol name  : RtlLengthSecurityDescriptor
  Symbol name  : RtlLengthSid
  Symbol name  : RtlLocaleNameToLcid
  Symbol name  : RtlLocalTimeToSystemTime
  Symbol name  : RtlLockBootStatusData
  Symbol name  : RtlLockCurrentThread
  Symbol name  : RtlLockHeap
  Symbol name  : RtlLockMemoryBlockLookaside
  Symbol name  : RtlLockMemoryStreamRegion
  Symbol name  : RtlLockMemoryZone
  Symbol name  : RtlLockModuleSection
  Symbol name  : RtlLogStackBackTrace
  Symbol name  : RtlLookupAtomInAtomTable
  Symbol name  : RtlLookupElementGenericTable
  Symbol name  : RtlLookupElementGenericTableAvl
  Symbol name  : RtlLookupElementGenericTableFull
  Symbol name  : RtlLookupElementGenericTableFullAvl
  Symbol name  : RtlLookupFunctionEntry
  Symbol name  : RtlLookupFunctionTable
  Symbol name  : RtlMakeSelfRelativeSD
  Symbol name  : RtlMapGenericMask
  Symbol name  : RtlMapSecurityErrorToNtStatus
  Symbol name  : RtlMoveMemory
  Symbol name  : RtlMultiAppendUnicodeStringBuffer
  Symbol name  : RtlMultiByteToUnicodeN
  Symbol name  : RtlMultiByteToUnicodeSize
  Symbol name  : RtlMultipleAllocateHeap
  Symbol name  : RtlMultipleFreeHeap
  Symbol name  : RtlNewInstanceSecurityObject
  Symbol name  : RtlNewSecurityGrantedAccess
  Symbol name  : RtlNewSecurityObject
  Symbol name  : RtlNewSecurityObjectEx
  Symbol name  : RtlNewSecurityObjectWithMultipleInheritance
  Symbol name  : RtlNormalizeProcessParams
  Symbol name  : RtlNormalizeString
  Symbol name  : RtlNtdllName
  Symbol name  : RtlNtPathNameToDosPathName
  Symbol name  : RtlNtStatusToDosError
  Symbol name  : RtlNtStatusToDosErrorNoTeb
  Symbol name  : RtlNumberGenericTableElements
  Symbol name  : RtlNumberGenericTableElementsAvl
  Symbol name  : RtlNumberOfClearBits
  Symbol name  : RtlNumberOfSetBits
  Symbol name  : RtlNumberOfSetBitsUlongPtr
  Symbol name  : RtlOemStringToUnicodeSize
  Symbol name  : RtlOemStringToUnicodeString
  Symbol name  : RtlOemToUnicodeN
  Symbol name  : RtlOpenCurrentUser
  Symbol name  : RtlOwnerAcesPresent
  Symbol name  : RtlpApplyLengthFunction
  Symbol name  : RtlpCheckDynamicTimeZoneInformation
  Symbol name  : RtlpCleanupRegistryKeys
  Symbol name  : RtlpConvertCultureNamesToLCIDs
  Symbol name  : RtlpConvertLCIDsToCultureNames
  Symbol name  : RtlpCreateProcessRegistryInfo
  Symbol name  : RtlPcToFileHeader
  Symbol name  : RtlpEnsureBufferSize
  Symbol name  : RtlpGetLCIDFromLangInfoNode
  Symbol name  : RtlpGetNameFromLangInfoNode
  Symbol name  : RtlpGetSystemDefaultUILanguage
  Symbol name  : RtlpGetUserOrMachineUILanguage4NLS
  Symbol name  : RtlPinAtomInAtomTable
  Symbol name  : RtlpInitializeLangRegistryInfo
  Symbol name  : RtlpIsQualifiedLanguage
  Symbol name  : RtlpLoadMachineUIByPolicy
  Symbol name  : RtlpLoadUserUIByPolicy
  Symbol name  : RtlpMuiFreeLangRegistryInfo
  Symbol name  : RtlpMuiRegCreateRegistryInfo
  Symbol name  : RtlpMuiRegFreeRegistryInfo
  Symbol name  : RtlpMuiRegLoadRegistryInfo
  Symbol name  : RtlpNotOwnerCriticalSection
  Symbol name  : RtlpNtCreateKey
  Symbol name  : RtlpNtEnumerateSubKey
  Symbol name  : RtlpNtMakeTemporaryKey
  Symbol name  : RtlpNtOpenKey
  Symbol name  : RtlpNtQueryValueKey
  Symbol name  : RtlpNtSetValueKey
  Symbol name  : RtlPopFrame
  Symbol name  : RtlpQueryDefaultUILanguage
  Symbol name  : RtlpQueryProcessDebugInformationFromWow64
  Symbol name  : RtlPrefixString
  Symbol name  : RtlPrefixUnicodeString
  Symbol name  : RtlpRefreshCachedUILanguage
  Symbol name  : RtlPrepareForProcessCloning
  Symbol name  : RtlProcessFlsData
  Symbol name  : RtlpSetInstallLanguage
  Symbol name  : RtlpSetPreferredUILanguages
  Symbol name  : RtlpSetUserPreferredUILanguages
  Symbol name  : RtlpUnWaitCriticalSection
  Symbol name  : RtlPushFrame
  Symbol name  : RtlpVerifyAndCommitUILanguageSettings
  Symbol name  : RtlpWaitForCriticalSection
  Symbol name  : RtlQueryActivationContextApplicationSettings
  Symbol name  : RtlQueryAtomInAtomTable
  Symbol name  : RtlQueryDepthSList
  Symbol name  : RtlQueryDynamicTimeZoneInformation
  Symbol name  : RtlQueryElevationFlags
  Symbol name  : RtlQueryEnvironmentVariable
  Symbol name  : RtlQueryEnvironmentVariable_U
  Symbol name  : RtlQueryHeapInformation
  Symbol name  : RtlQueryInformationAcl
  Symbol name  : RtlQueryInformationActivationContext
  Symbol name  : RtlQueryInformationActiveActivationContext
  Symbol name  : RtlQueryInterfaceMemoryStream
  Symbol name  : RtlQueryProcessBackTraceInformation
  Symbol name  : RtlQueryProcessDebugInformation
  Symbol name  : RtlQueryProcessLockInformation
  Symbol name  : RtlQueryRegistryValues
  Symbol name  : RtlQuerySecurityObject
  Symbol name  : RtlQueryTimeZoneInformation
  Symbol name  : RtlQueueApcWow64Thread
  Symbol name  : RtlQueueWorkItem
  Symbol name  : RtlRaiseException
  Symbol name  : RtlRaiseStatus
  Symbol name  : RtlRandom
  Symbol name  : RtlRandomEx
  Symbol name  : RtlReadMemoryStream
  Symbol name  : RtlReadOutOfProcessMemoryStream
  Symbol name  : RtlReAllocateHeap
  Symbol name  : RtlRealPredecessor
  Symbol name  : RtlRealSuccessor
  Symbol name  : RtlRegisterSecureMemoryCacheCallback
  Symbol name  : RtlRegisterThreadWithCsrss
  Symbol name  : RtlRegisterWait
  Symbol name  : RtlReleaseActivationContext
  Symbol name  : RtlReleaseMemoryStream
  Symbol name  : RtlReleasePebLock
  Symbol name  : RtlReleasePrivilege
  Symbol name  : RtlReleaseRelativeName
  Symbol name  : RtlReleaseResource
  Symbol name  : RtlReleaseSRWLockExclusive
  Symbol name  : RtlReleaseSRWLockShared
  Symbol name  : RtlRemoteCall
  Symbol name  : RtlRemovePrivileges
  Symbol name  : RtlRemoveVectoredContinueHandler
  Symbol name  : RtlRemoveVectoredExceptionHandler
  Symbol name  : RtlReportException
  Symbol name  : RtlResetMemoryBlockLookaside
  Symbol name  : RtlResetRtlTranslations
  Symbol name  : RtlRestoreContext
  Symbol name  : RtlRestoreLastWin32Error
  Symbol name  : RtlRevertMemoryStream
  Symbol name  : RtlRunDecodeUnicodeString
  Symbol name  : RtlRunEncodeUnicodeString
  Symbol name  : RtlRunOnceBeginInitialize
  Symbol name  : RtlRunOnceComplete
  Symbol name  : RtlRunOnceExecuteOnce
  Symbol name  : RtlRunOnceInitialize
  Symbol name  : RtlSecondsSince1970ToTime
  Symbol name  : RtlSecondsSince1980ToTime
  Symbol name  : RtlSeekMemoryStream
  Symbol name  : RtlSelfRelativeToAbsoluteSD
  Symbol name  : RtlSelfRelativeToAbsoluteSD2
  Symbol name  : RtlSendMsgToSm
  Symbol name  : RtlSetAllBits
  Symbol name  : RtlSetBits
  Symbol name  : RtlSetControlSecurityDescriptor
  Symbol name  : RtlSetCriticalSectionSpinCount
  Symbol name  : RtlSetCurrentDirectory_U
  Symbol name  : RtlSetCurrentEnvironment
  Symbol name  : RtlSetCurrentTransaction
  Symbol name  : RtlSetDaclSecurityDescriptor
  Symbol name  : RtlSetDynamicTimeZoneInformation
  Symbol name  : RtlSetEnvironmentStrings
  Symbol name  : RtlSetEnvironmentVar
  Symbol name  : RtlSetEnvironmentVariable
  Symbol name  : RtlSetGroupSecurityDescriptor
  Symbol name  : RtlSetHeapInformation
  Symbol name  : RtlSetInformationAcl
  Symbol name  : RtlSetIoCompletionCallback
  Symbol name  : RtlSetLastWin32Error
  Symbol name  : RtlSetLastWin32ErrorAndNtStatusFromNtStatus
  Symbol name  : RtlSetMemoryStreamSize
  Symbol name  : RtlSetOwnerSecurityDescriptor
  Symbol name  : RtlSetProcessDebugInformation
  Symbol name  : RtlSetProcessIsCritical
  Symbol name  : RtlSetSaclSecurityDescriptor
  Symbol name  : RtlSetSecurityDescriptorRMControl
  Symbol name  : RtlSetSecurityObject
  Symbol name  : RtlSetSecurityObjectEx
  Symbol name  : RtlSetThreadErrorMode
  Symbol name  : RtlSetThreadIsCritical
  Symbol name  : RtlSetThreadPoolStartFunc
  Symbol name  : RtlSetThreadPreferredUILanguages
  Symbol name  : RtlSetTimer
  Symbol name  : RtlSetTimeZoneInformation
  Symbol name  : RtlSetUnhandledExceptionFilter
  Symbol name  : RtlSetUserFlagsHeap
  Symbol name  : RtlSetUserValueHeap
  Symbol name  : RtlSidDominates
  Symbol name  : RtlSidEqualLevel
  Symbol name  : RtlSidHashInitialize
  Symbol name  : RtlSidHashLookup
  Symbol name  : RtlSidIsHigherLevel
  Symbol name  : RtlSizeHeap
  Symbol name  : RtlSleepConditionVariableCS
  Symbol name  : RtlSleepConditionVariableSRW
  Symbol name  : RtlSplay
  Symbol name  : RtlStartRXact
  Symbol name  : RtlStatMemoryStream
  Symbol name  : RtlStringFromGUID
  Symbol name  : RtlSubAuthorityCountSid
  Symbol name  : RtlSubAuthoritySid
  Symbol name  : RtlSubtreePredecessor
  Symbol name  : RtlSubtreeSuccessor
  Symbol name  : RtlSystemTimeToLocalTime
  Symbol name  : RtlTestBit
  Symbol name  : RtlTimeFieldsToTime
  Symbol name  : RtlTimeToElapsedTimeFields
  Symbol name  : RtlTimeToSecondsSince1970
  Symbol name  : RtlTimeToSecondsSince1980
  Symbol name  : RtlTimeToTimeFields
  Symbol name  : RtlTraceDatabaseAdd
  Symbol name  : RtlTraceDatabaseCreate
  Symbol name  : RtlTraceDatabaseDestroy
  Symbol name  : RtlTraceDatabaseEnumerate
  Symbol name  : RtlTraceDatabaseFind
  Symbol name  : RtlTraceDatabaseLock
  Symbol name  : RtlTraceDatabaseUnlock
  Symbol name  : RtlTraceDatabaseValidate
  Symbol name  : RtlTryAcquirePebLock
  Symbol name  : RtlTryEnterCriticalSection
  Symbol name  : RtlUnhandledExceptionFilter
  Symbol name  : RtlUnhandledExceptionFilter2
  Symbol name  : RtlUnicodeStringToAnsiSize
  Symbol name  : RtlUnicodeStringToAnsiString
  Symbol name  : RtlUnicodeStringToCountedOemString
  Symbol name  : RtlUnicodeStringToInteger
  Symbol name  : RtlUnicodeStringToOemSize
  Symbol name  : RtlUnicodeStringToOemString
  Symbol name  : RtlUnicodeToCustomCPN
  Symbol name  : RtlUnicodeToMultiByteN
  Symbol name  : RtlUnicodeToMultiByteSize
  Symbol name  : RtlUnicodeToOemN
  Symbol name  : RtlUniform
  Symbol name  : RtlUnlockBootStatusData
  Symbol name  : RtlUnlockCurrentThread
  Symbol name  : RtlUnlockHeap
  Symbol name  : RtlUnlockMemoryBlockLookaside
  Symbol name  : RtlUnlockMemoryStreamRegion
  Symbol name  : RtlUnlockMemoryZone
  Symbol name  : RtlUnlockModuleSection
  Symbol name  : RtlUnwind
  Symbol name  : RtlUnwindEx
  Symbol name  : RtlUpcaseUnicodeChar
  Symbol name  : RtlUpcaseUnicodeString
  Symbol name  : RtlUpcaseUnicodeStringToCountedOemString
  Symbol name  : RtlUpcaseUnicodeStringToOemString
  Symbol name  : RtlUpcaseUnicodeToCustomCPN
  Symbol name  : RtlUpcaseUnicodeToMultiByteN
  Symbol name  : RtlUpcaseUnicodeToOemN
  Symbol name  : RtlUpdateClonedCriticalSection
  Symbol name  : RtlUpdateClonedSRWLock
  Symbol name  : RtlUpdateTimer
  Symbol name  : RtlUpperChar
  Symbol name  : RtlUpperString
  Symbol name  : RtlValidAcl
  Symbol name  : RtlValidateHeap
  Symbol name  : RtlValidateProcessHeaps
  Symbol name  : RtlValidateUnicodeString
  Symbol name  : RtlValidRelativeSecurityDescriptor
  Symbol name  : RtlValidSecurityDescriptor
  Symbol name  : RtlValidSid
  Symbol name  : RtlVerifyVersionInfo
  Symbol name  : RtlVirtualUnwind
  Symbol name  : RtlWakeAllConditionVariable
  Symbol name  : RtlWakeConditionVariable
  Symbol name  : RtlWalkFrameChain
  Symbol name  : RtlWalkHeap
  Symbol name  : RtlWerpReportException
  Symbol name  : RtlWow64CallFunction64
  Symbol name  : RtlWow64EnableFsRedirection
  Symbol name  : RtlWow64EnableFsRedirectionEx
  Symbol name  : RtlWow64GetThreadContext
  Symbol name  : RtlWow64LogMessageInEventLogger
  Symbol name  : RtlWow64SetThreadContext
  Symbol name  : RtlWow64SuspendThread
  Symbol name  : RtlWriteMemoryStream
  Symbol name  : RtlWriteRegistryValue
  Symbol name  : RtlxAnsiStringToUnicodeSize
  Symbol name  : RtlxOemStringToUnicodeSize
  Symbol name  : RtlxUnicodeStringToAnsiSize
  Symbol name  : RtlxUnicodeStringToOemSize
  Symbol name  : RtlZeroMemory
  Symbol name  : RtlZombifyActivationContext
  Symbol name  : ShipAssert
  Symbol name  : ShipAssertGetBufferInfo
  Symbol name  : ShipAssertMsgA
  Symbol name  : ShipAssertMsgW
  Symbol name  : TpAllocAlpcCompletion
  Symbol name  : TpAllocCleanupGroup
  Symbol name  : TpAllocIoCompletion
  Symbol name  : TpAllocPool
  Symbol name  : TpAllocTimer
  Symbol name  : TpAllocWait
  Symbol name  : TpAllocWork
  Symbol name  : TpCallbackLeaveCriticalSectionOnCompletion
  Symbol name  : TpCallbackMayRunLong
  Symbol name  : TpCallbackReleaseMutexOnCompletion
  Symbol name  : TpCallbackReleaseSemaphoreOnCompletion
  Symbol name  : TpCallbackSetEventOnCompletion
  Symbol name  : TpCallbackUnloadDllOnCompletion
  Symbol name  : TpCancelAsyncIoOperation
  Symbol name  : TpCaptureCaller
  Symbol name  : TpCheckTerminateWorker
  Symbol name  : TpDisassociateCallback
  Symbol name  : TpIsTimerSet
  Symbol name  : TpPostWork
  Symbol name  : TpReleaseAlpcCompletion
  Symbol name  : TpReleaseCleanupGroup
  Symbol name  : TpReleaseCleanupGroupMembers
  Symbol name  : TpReleaseIoCompletion
  Symbol name  : TpReleasePool
  Symbol name  : TpReleaseTimer
  Symbol name  : TpReleaseWait
  Symbol name  : TpReleaseWork
  Symbol name  : TpSetPoolMaxThreads
  Symbol name  : TpSetPoolMinThreads
  Symbol name  : TpSetTimer
  Symbol name  : TpSetWait
  Symbol name  : TpSimpleTryPost
  Symbol name  : TpStartAsyncIoOperation
  Symbol name  : TpWaitForAlpcCompletion
  Symbol name  : TpWaitForIoCompletion
  Symbol name  : TpWaitForTimer
  Symbol name  : TpWaitForWait
  Symbol name  : TpWaitForWork
  Symbol name  : vDbgPrintEx
  Symbol name  : vDbgPrintExWithPrefix
  Symbol name  : VerSetConditionMask
  Symbol name  : WerCheckEventEscalation
  Symbol name  : WerReportSQMEvent
  Symbol name  : WerReportWatsonEvent
  Symbol name  : WinSqmAddToStream
  Symbol name  : WinSqmEndSession
  Symbol name  : WinSqmEventEnabled
  Symbol name  : WinSqmEventWrite
  Symbol name  : WinSqmIsOptedIn
  Symbol name  : WinSqmSetString
  Symbol name  : WinSqmStartSession
  Symbol name  : ZwAcceptConnectPort
  Symbol name  : ZwAccessCheck
  Symbol name  : ZwAccessCheckAndAuditAlarm
  Symbol name  : ZwAccessCheckByType
  Symbol name  : ZwAccessCheckByTypeAndAuditAlarm
  Symbol name  : ZwAccessCheckByTypeResultList
  Symbol name  : ZwAccessCheckByTypeResultListAndAuditAlarm
  Symbol name  : ZwAccessCheckByTypeResultListAndAuditAlarmByHandle
  Symbol name  : ZwAcquireCMFViewOwnership
  Symbol name  : ZwAddAtom
  Symbol name  : ZwAddBootEntry
  Symbol name  : ZwAddDriverEntry
  Symbol name  : ZwAdjustGroupsToken
  Symbol name  : ZwAdjustPrivilegesToken
  Symbol name  : ZwAlertResumeThread
  Symbol name  : ZwAlertThread
  Symbol name  : ZwAllocateLocallyUniqueId
  Symbol name  : ZwAllocateUserPhysicalPages
  Symbol name  : ZwAllocateUuids
  Symbol name  : ZwAllocateVirtualMemory
  Symbol name  : ZwAlpcAcceptConnectPort
  Symbol name  : ZwAlpcCancelMessage
  Symbol name  : ZwAlpcConnectPort
  Symbol name  : ZwAlpcCreatePort
  Symbol name  : ZwAlpcCreatePortSection
  Symbol name  : ZwAlpcCreateResourceReserve
  Symbol name  : ZwAlpcCreateSectionView
  Symbol name  : ZwAlpcCreateSecurityContext
  Symbol name  : ZwAlpcDeletePortSection
  Symbol name  : ZwAlpcDeleteResourceReserve
  Symbol name  : ZwAlpcDeleteSectionView
  Symbol name  : ZwAlpcDeleteSecurityContext
  Symbol name  : ZwAlpcDisconnectPort
  Symbol name  : ZwAlpcImpersonateClientOfPort
  Symbol name  : ZwAlpcOpenSenderProcess
  Symbol name  : ZwAlpcOpenSenderThread
  Symbol name  : ZwAlpcQueryInformation
  Symbol name  : ZwAlpcQueryInformationMessage
  Symbol name  : ZwAlpcRevokeSecurityContext
  Symbol name  : ZwAlpcSendWaitReceivePort
  Symbol name  : ZwAlpcSetInformation
  Symbol name  : ZwApphelpCacheControl
  Symbol name  : ZwAreMappedFilesTheSame
  Symbol name  : ZwAssignProcessToJobObject
  Symbol name  : ZwCallbackReturn
  Symbol name  : ZwCancelDeviceWakeupRequest
  Symbol name  : ZwCancelIoFile
  Symbol name  : ZwCancelIoFileEx
  Symbol name  : ZwCancelSynchronousIoFile
  Symbol name  : ZwCancelTimer
  Symbol name  : ZwClearEvent
  Symbol name  : ZwClose
  Symbol name  : ZwCloseObjectAuditAlarm
  Symbol name  : ZwCommitComplete
  Symbol name  : ZwCommitEnlistment
  Symbol name  : ZwCommitTransaction
  Symbol name  : ZwCompactKeys
  Symbol name  : ZwCompareTokens
  Symbol name  : ZwCompleteConnectPort
  Symbol name  : ZwCompressKey
  Symbol name  : ZwConnectPort
  Symbol name  : ZwContinue
  Symbol name  : ZwCreateDebugObject
  Symbol name  : ZwCreateDirectoryObject
  Symbol name  : ZwCreateEnlistment
  Symbol name  : ZwCreateEvent
  Symbol name  : ZwCreateEventPair
  Symbol name  : ZwCreateFile
  Symbol name  : ZwCreateIoCompletion
  Symbol name  : ZwCreateJobObject
  Symbol name  : ZwCreateJobSet
  Symbol name  : ZwCreateKey
  Symbol name  : ZwCreateKeyedEvent
  Symbol name  : ZwCreateKeyTransacted
  Symbol name  : ZwCreateMailslotFile
  Symbol name  : ZwCreateMutant
  Symbol name  : ZwCreateNamedPipeFile
  Symbol name  : ZwCreatePagingFile
  Symbol name  : ZwCreatePort
  Symbol name  : ZwCreatePrivateNamespace
  Symbol name  : ZwCreateProcess
  Symbol name  : ZwCreateProcessEx
  Symbol name  : ZwCreateProfile
  Symbol name  : ZwCreateResourceManager
  Symbol name  : ZwCreateSection
  Symbol name  : ZwCreateSemaphore
  Symbol name  : ZwCreateSymbolicLinkObject
  Symbol name  : ZwCreateThread
  Symbol name  : ZwCreateThreadEx
  Symbol name  : ZwCreateTimer
  Symbol name  : ZwCreateToken
  Symbol name  : ZwCreateTransaction
  Symbol name  : ZwCreateTransactionManager
  Symbol name  : ZwCreateUserProcess
  Symbol name  : ZwCreateWaitablePort
  Symbol name  : ZwCreateWorkerFactory
  Symbol name  : ZwDebugActiveProcess
  Symbol name  : ZwDebugContinue
  Symbol name  : ZwDelayExecution
  Symbol name  : ZwDeleteAtom
  Symbol name  : ZwDeleteBootEntry
  Symbol name  : ZwDeleteDriverEntry
  Symbol name  : ZwDeleteFile
  Symbol name  : ZwDeleteKey
  Symbol name  : ZwDeleteObjectAuditAlarm
  Symbol name  : ZwDeletePrivateNamespace
  Symbol name  : ZwDeleteValueKey
  Symbol name  : ZwDeviceIoControlFile
  Symbol name  : ZwDisplayString
  Symbol name  : ZwDuplicateObject
  Symbol name  : ZwDuplicateToken
  Symbol name  : ZwEnumerateBootEntries
  Symbol name  : ZwEnumerateDriverEntries
  Symbol name  : ZwEnumerateKey
  Symbol name  : ZwEnumerateSystemEnvironmentValuesEx
  Symbol name  : ZwEnumerateTransactionObject
  Symbol name  : ZwEnumerateValueKey
  Symbol name  : ZwExtendSection
  Symbol name  : ZwFilterToken
  Symbol name  : ZwFindAtom
  Symbol name  : ZwFlushBuffersFile
  Symbol name  : ZwFlushInstallUILanguage
  Symbol name  : ZwFlushInstructionCache
  Symbol name  : ZwFlushKey
  Symbol name  : ZwFlushProcessWriteBuffers
  Symbol name  : ZwFlushVirtualMemory
  Symbol name  : ZwFlushWriteBuffer
  Symbol name  : ZwFreeUserPhysicalPages
  Symbol name  : ZwFreeVirtualMemory
  Symbol name  : ZwFreezeRegistry
  Symbol name  : ZwFreezeTransactions
  Symbol name  : ZwFsControlFile
  Symbol name  : ZwGetContextThread
  Symbol name  : ZwGetCurrentProcessorNumber
  Symbol name  : ZwGetDevicePowerState
  Symbol name  : ZwGetMUIRegistryInfo
  Symbol name  : ZwGetNextProcess
  Symbol name  : ZwGetNextThread
  Symbol name  : ZwGetNlsSectionPtr
  Symbol name  : ZwGetNotificationResourceManager
  Symbol name  : ZwGetPlugPlayEvent
  Symbol name  : ZwGetWriteWatch
  Symbol name  : ZwImpersonateAnonymousToken
  Symbol name  : ZwImpersonateClientOfPort
  Symbol name  : ZwImpersonateThread
  Symbol name  : ZwInitializeNlsFiles
  Symbol name  : ZwInitializeRegistry
  Symbol name  : ZwInitiatePowerAction
  Symbol name  : ZwIsProcessInJob
  Symbol name  : ZwIsSystemResumeAutomatic
  Symbol name  : ZwIsUILanguageComitted
  Symbol name  : ZwListenPort
  Symbol name  : ZwLoadDriver
  Symbol name  : ZwLoadKey
  Symbol name  : ZwLoadKey2
  Symbol name  : ZwLoadKeyEx
  Symbol name  : ZwLockFile
  Symbol name  : ZwLockProductActivationKeys
  Symbol name  : ZwLockRegistryKey
  Symbol name  : ZwLockVirtualMemory
  Symbol name  : ZwMakePermanentObject
  Symbol name  : ZwMakeTemporaryObject
  Symbol name  : ZwMapCMFModule
  Symbol name  : ZwMapUserPhysicalPages
  Symbol name  : ZwMapUserPhysicalPagesScatter
  Symbol name  : ZwMapViewOfSection
  Symbol name  : ZwModifyBootEntry
  Symbol name  : ZwModifyDriverEntry
  Symbol name  : ZwNotifyChangeDirectoryFile
  Symbol name  : ZwNotifyChangeKey
  Symbol name  : ZwNotifyChangeMultipleKeys
  Symbol name  : ZwOpenDirectoryObject
  Symbol name  : ZwOpenEnlistment
  Symbol name  : ZwOpenEvent
  Symbol name  : ZwOpenEventPair
  Symbol name  : ZwOpenFile
  Symbol name  : ZwOpenIoCompletion
  Symbol name  : ZwOpenJobObject
  Symbol name  : ZwOpenKey
  Symbol name  : ZwOpenKeyedEvent
  Symbol name  : ZwOpenKeyTransacted
  Symbol name  : ZwOpenMutant
  Symbol name  : ZwOpenObjectAuditAlarm
  Symbol name  : ZwOpenPrivateNamespace
  Symbol name  : ZwOpenProcess
  Symbol name  : ZwOpenProcessToken
  Symbol name  : ZwOpenProcessTokenEx
  Symbol name  : ZwOpenResourceManager
  Symbol name  : ZwOpenSection
  Symbol name  : ZwOpenSemaphore
  Symbol name  : ZwOpenSession
  Symbol name  : ZwOpenSymbolicLinkObject
  Symbol name  : ZwOpenThread
  Symbol name  : ZwOpenThreadToken
  Symbol name  : ZwOpenThreadTokenEx
  Symbol name  : ZwOpenTimer
  Symbol name  : ZwOpenTransaction
  Symbol name  : ZwOpenTransactionManager
  Symbol name  : ZwPlugPlayControl
  Symbol name  : ZwPowerInformation
  Symbol name  : ZwPrepareComplete
  Symbol name  : ZwPrepareEnlistment
  Symbol name  : ZwPrePrepareComplete
  Symbol name  : ZwPrePrepareEnlistment
  Symbol name  : ZwPrivilegeCheck
  Symbol name  : ZwPrivilegedServiceAuditAlarm
  Symbol name  : ZwPrivilegeObjectAuditAlarm
  Symbol name  : ZwPropagationComplete
  Symbol name  : ZwPropagationFailed
  Symbol name  : ZwProtectVirtualMemory
  Symbol name  : ZwPulseEvent
  Symbol name  : ZwQueryAttributesFile
  Symbol name  : ZwQueryBootEntryOrder
  Symbol name  : ZwQueryBootOptions
  Symbol name  : ZwQueryDebugFilterState
  Symbol name  : ZwQueryDefaultLocale
  Symbol name  : ZwQueryDefaultUILanguage
  Symbol name  : ZwQueryDirectoryFile
  Symbol name  : ZwQueryDirectoryObject
  Symbol name  : ZwQueryDriverEntryOrder
  Symbol name  : ZwQueryEaFile
  Symbol name  : ZwQueryEvent
  Symbol name  : ZwQueryFullAttributesFile
  Symbol name  : ZwQueryInformationAtom
  Symbol name  : ZwQueryInformationEnlistment
  Symbol name  : ZwQueryInformationFile
  Symbol name  : ZwQueryInformationJobObject
  Symbol name  : ZwQueryInformationPort
  Symbol name  : ZwQueryInformationProcess
  Symbol name  : ZwQueryInformationResourceManager
  Symbol name  : ZwQueryInformationThread
  Symbol name  : ZwQueryInformationToken
  Symbol name  : ZwQueryInformationTransaction
  Symbol name  : ZwQueryInformationTransactionManager
  Symbol name  : ZwQueryInformationWorkerFactory
  Symbol name  : ZwQueryInstallUILanguage
  Symbol name  : ZwQueryIntervalProfile
  Symbol name  : ZwQueryIoCompletion
  Symbol name  : ZwQueryKey
  Symbol name  : ZwQueryLicenseValue
  Symbol name  : ZwQueryMultipleValueKey
  Symbol name  : ZwQueryMutant
  Symbol name  : ZwQueryObject
  Symbol name  : ZwQueryOpenSubKeys
  Symbol name  : ZwQueryOpenSubKeysEx
  Symbol name  : ZwQueryPerformanceCounter
  Symbol name  : ZwQueryPortInformationProcess
  Symbol name  : ZwQueryQuotaInformationFile
  Symbol name  : ZwQuerySection
  Symbol name  : ZwQuerySecurityObject
  Symbol name  : ZwQuerySemaphore
  Symbol name  : ZwQuerySymbolicLinkObject
  Symbol name  : ZwQuerySystemEnvironmentValue
  Symbol name  : ZwQuerySystemEnvironmentValueEx
  Symbol name  : ZwQuerySystemInformation
  Symbol name  : ZwQuerySystemTime
  Symbol name  : ZwQueryTimer
  Symbol name  : ZwQueryTimerResolution
  Symbol name  : ZwQueryValueKey
  Symbol name  : ZwQueryVirtualMemory
  Symbol name  : ZwQueryVolumeInformationFile
  Symbol name  : ZwQueueApcThread
  Symbol name  : ZwRaiseException
  Symbol name  : ZwRaiseHardError
  Symbol name  : ZwReadFile
  Symbol name  : ZwReadFileScatter
  Symbol name  : ZwReadOnlyEnlistment
  Symbol name  : ZwReadRequestData
  Symbol name  : ZwReadVirtualMemory
  Symbol name  : ZwRecoverEnlistment
  Symbol name  : ZwRecoverResourceManager
  Symbol name  : ZwRecoverTransactionManager
  Symbol name  : ZwRegisterProtocolAddressInformation
  Symbol name  : ZwRegisterThreadTerminatePort
  Symbol name  : ZwReleaseCMFViewOwnership
  Symbol name  : ZwReleaseKeyedEvent
  Symbol name  : ZwReleaseMutant
  Symbol name  : ZwReleaseSemaphore
  Symbol name  : ZwReleaseWorkerFactoryWorker
  Symbol name  : ZwRemoveIoCompletion
  Symbol name  : ZwRemoveIoCompletionEx
  Symbol name  : ZwRemoveProcessDebug
  Symbol name  : ZwRenameKey
  Symbol name  : ZwRenameTransactionManager
  Symbol name  : ZwReplaceKey
  Symbol name  : ZwReplacePartitionUnit
  Symbol name  : ZwReplyPort
  Symbol name  : ZwReplyWaitReceivePort
  Symbol name  : ZwReplyWaitReceivePortEx
  Symbol name  : ZwReplyWaitReplyPort
  Symbol name  : ZwRequestDeviceWakeup
  Symbol name  : ZwRequestPort
  Symbol name  : ZwRequestWaitReplyPort
  Symbol name  : ZwRequestWakeupLatency
  Symbol name  : ZwResetEvent
  Symbol name  : ZwResetWriteWatch
  Symbol name  : ZwRestoreKey
  Symbol name  : ZwResumeProcess
  Symbol name  : ZwResumeThread
  Symbol name  : ZwRollbackComplete
  Symbol name  : ZwRollbackEnlistment
  Symbol name  : ZwRollbackTransaction
  Symbol name  : ZwRollforwardTransactionManager
  Symbol name  : ZwSaveKey
  Symbol name  : ZwSaveKeyEx
  Symbol name  : ZwSaveMergedKeys
  Symbol name  : ZwSecureConnectPort
  Symbol name  : ZwSetBootEntryOrder
  Symbol name  : ZwSetBootOptions
  Symbol name  : ZwSetContextThread
  Symbol name  : ZwSetDebugFilterState
  Symbol name  : ZwSetDefaultHardErrorPort
  Symbol name  : ZwSetDefaultLocale
  Symbol name  : ZwSetDefaultUILanguage
  Symbol name  : ZwSetDriverEntryOrder
  Symbol name  : ZwSetEaFile
  Symbol name  : ZwSetEvent
  Symbol name  : ZwSetEventBoostPriority
  Symbol name  : ZwSetHighEventPair
  Symbol name  : ZwSetHighWaitLowEventPair
  Symbol name  : ZwSetInformationDebugObject
  Symbol name  : ZwSetInformationEnlistment
  Symbol name  : ZwSetInformationFile
  Symbol name  : ZwSetInformationJobObject
  Symbol name  : ZwSetInformationKey
  Symbol name  : ZwSetInformationObject
  Symbol name  : ZwSetInformationProcess
  Symbol name  : ZwSetInformationResourceManager
  Symbol name  : ZwSetInformationThread
  Symbol name  : ZwSetInformationToken
  Symbol name  : ZwSetInformationTransaction
  Symbol name  : ZwSetInformationTransactionManager
  Symbol name  : ZwSetInformationWorkerFactory
  Symbol name  : ZwSetIntervalProfile
  Symbol name  : ZwSetIoCompletion
  Symbol name  : ZwSetLdtEntries
  Symbol name  : ZwSetLowEventPair
  Symbol name  : ZwSetLowWaitHighEventPair
  Symbol name  : ZwSetQuotaInformationFile
  Symbol name  : ZwSetSecurityObject
  Symbol name  : ZwSetSystemEnvironmentValue
  Symbol name  : ZwSetSystemEnvironmentValueEx
  Symbol name  : ZwSetSystemInformation
  Symbol name  : ZwSetSystemPowerState
  Symbol name  : ZwSetSystemTime
  Symbol name  : ZwSetThreadExecutionState
  Symbol name  : ZwSetTimer
  Symbol name  : ZwSetTimerResolution
  Symbol name  : ZwSetUuidSeed
  Symbol name  : ZwSetValueKey
  Symbol name  : ZwSetVolumeInformationFile
  Symbol name  : ZwShutdownSystem
  Symbol name  : ZwShutdownWorkerFactory
  Symbol name  : ZwSignalAndWaitForSingleObject
  Symbol name  : ZwSinglePhaseReject
  Symbol name  : ZwStartProfile
  Symbol name  : ZwStopProfile
  Symbol name  : ZwSuspendProcess
  Symbol name  : ZwSuspendThread
  Symbol name  : ZwSystemDebugControl
  Symbol name  : ZwTerminateJobObject
  Symbol name  : ZwTerminateProcess
  Symbol name  : ZwTerminateThread
  Symbol name  : ZwTestAlert
  Symbol name  : ZwThawRegistry
  Symbol name  : ZwThawTransactions
  Symbol name  : ZwTraceControl
  Symbol name  : ZwTraceEvent
  Symbol name  : ZwTranslateFilePath
  Symbol name  : ZwUnloadDriver
  Symbol name  : ZwUnloadKey
  Symbol name  : ZwUnloadKey2
  Symbol name  : ZwUnloadKeyEx
  Symbol name  : ZwUnlockFile
  Symbol name  : ZwUnlockVirtualMemory
  Symbol name  : ZwUnmapViewOfSection
  Symbol name  : ZwVdmControl
  Symbol name  : ZwWaitForDebugEvent
  Symbol name  : ZwWaitForKeyedEvent
  Symbol name  : ZwWaitForMultipleObjects
  Symbol name  : ZwWaitForMultipleObjects32
  Symbol name  : ZwWaitForSingleObject
  Symbol name  : ZwWaitForWorkViaWorkerFactory
  Symbol name  : ZwWaitHighEventPair
  Symbol name  : ZwWaitLowEventPair
  Symbol name  : ZwWorkerFactoryWorkerReady
  Symbol name  : ZwWriteFile
  Symbol name  : ZwWriteFileGather
  Symbol name  : ZwWriteRequestData
  Symbol name  : ZwWriteVirtualMemory
  Symbol name  : ZwYieldExecution
