  Symbol name  : ?PropertyLengthAsVariant@@YAKPEBUtagSERIALIZEDPROPERTYVALUE@@KGE@Z (unsigned long __cdecl PropertyLengthAsVariant(struct tagSERIALIZEDPROPERTYVALUE const *,unsigned long,unsigned short,unsigned char))
  Symbol name  : ?RtlConvertPropertyToVariant@@YAEPEBUtagSERIALIZEDPROPERTYVALUE@@GPEAUtagPROPVARIANT@@PEAVPMemoryAllocator@@@Z (unsigned char __cdecl RtlConvertPropertyToVariant(struct tagSERIALIZEDPROPERTYVALUE const *,unsigned short,struct tagPROPVARIANT *,class PMemoryAllocator *))
  Symbol name  : ?RtlConvertVariantToProperty@@YAPEAUtagSERIALIZEDPROPERTYVALUE@@PEBUtagPROPVARIANT@@GPEAU1@PEAKKE2@Z (struct tagSERIALIZEDPROPERTYVALUE * __cdecl RtlConvertVariantToProperty(struct tagPROPVARIANT const *,unsigned short,struct tagSERIALIZEDPROPERTYVALUE *,unsigned long *,unsigned long,unsigned char,unsigned long *))
  Symbol name  : __C_specific_handler
  Symbol name  : __chkstk
  Symbol name  : __isascii
  Symbol name  : __iscsym
  Symbol name  : __iscsymf
  Symbol name  : __misaligned_access
  Symbol name  : __toascii
  Symbol name  : _atoi64
  Symbol name  : _fltused
  Symbol name  : _i64toa
  Symbol name  : _i64tow
  Symbol name  : _itoa
  Symbol name  : _itow
  Symbol name  : _lfind
  Symbol name  : _local_unwind
  Symbol name  : _ltoa
  Symbol name  : _ltow
  Symbol name  : _memccpy
  Symbol name  : _memicmp
  Symbol name  : _setjmp
  Symbol name  : _setjmpex
  Symbol name  : _snprintf
  Symbol name  : _snwprintf
  Symbol name  : _splitpath
  Symbol name  : _strcmpi
  Symbol name  : _stricmp
  Symbol name  : _strlwr
  Symbol name  : _strnicmp
  Symbol name  : _strupr
  Symbol name  : _tolower
  Symbol name  : _toupper
  Symbol name  : _ui64toa
  Symbol name  : _ui64tow
  Symbol name  : _ultoa
  Symbol name  : _ultow
  Symbol name  : _vscwprintf
  Symbol name  : _vsnprintf
  Symbol name  : _vsnwprintf
  Symbol name  : _wcsicmp
  Symbol name  : _wcslwr
  Symbol name  : _wcsnicmp
  Symbol name  : _wcstoui64
  Symbol name  : _wcsupr
  Symbol name  : _wtoi
  Symbol name  : _wtoi64
  Symbol name  : _wtol
  Symbol name  : abs
  Symbol name  : atan
  Symbol name  : atoi
  Symbol name  : atol
  Symbol name  : bsearch
  Symbol name  : ceil
  Symbol name  : cos
  Symbol name  : CsrAllocateCaptureBuffer
  Symbol name  : CsrAllocateMessagePointer
  Symbol name  : CsrCaptureMessageBuffer
  Symbol name  : CsrCaptureMessageMultiUnicodeStringsInPlace
  Symbol name  : CsrCaptureMessageString
  Symbol name  : CsrCaptureTimeout
  Symbol name  : CsrClientCallServer
  Symbol name  : CsrClientConnectToServer
  Symbol name  : CsrFreeCaptureBuffer
  Symbol name  : CsrGetProcessId
  Symbol name  : CsrIdentifyAlertableThread
  Symbol name  : CsrNewThread
  Symbol name  : CsrProbeForRead
  Symbol name  : CsrProbeForWrite
  Symbol name  : CsrSetPriorityClass
  Symbol name  : DbgBreakPoint
  Symbol name  : DbgPrint
  Symbol name  : DbgPrintEx
  Symbol name  : DbgPrintReturnControlC
  Symbol name  : DbgPrompt
  Symbol name  : DbgQueryDebugFilterState
  Symbol name  : DbgSetDebugFilterState
  Symbol name  : DbgUiConnectToDbg
  Symbol name  : DbgUiContinue
  Symbol name  : DbgUiConvertStateChangeStructure
  Symbol name  : DbgUiDebugActiveProcess
  Symbol name  : DbgUiGetThreadDebugObject
  Symbol name  : DbgUiIssueRemoteBreakin
  Symbol name  : DbgUiRemoteBreakin
  Symbol name  : DbgUiSetThreadDebugObject
  Symbol name  : DbgUiStopDebugging
  Symbol name  : DbgUiWaitStateChange
  Symbol name  : DbgUserBreakPoint
  Symbol name  : EtwControlTraceA
  Symbol name  : EtwControlTraceW
  Symbol name  : EtwCreateTraceInstanceId
  Symbol name  : EtwEnableTrace
  Symbol name  : EtwEnumerateTraceGuids
  Symbol name  : EtwFlushTraceA
  Symbol name  : EtwFlushTraceW
  Symbol name  : EtwGetTraceEnableFlags
  Symbol name  : EtwGetTraceEnableLevel
  Symbol name  : EtwGetTraceLoggerHandle
  Symbol name  : EtwNotificationRegistrationA
  Symbol name  : EtwNotificationRegistrationW
  Symbol name  : EtwpGetTraceBuffer
  Symbol name  : EtwpSetHWConfigFunction
  Symbol name  : EtwQueryAllTracesA
  Symbol name  : EtwQueryAllTracesW
  Symbol name  : EtwQueryTraceA
  Symbol name  : EtwQueryTraceW
  Symbol name  : EtwReceiveNotificationsA
  Symbol name  : EtwReceiveNotificationsW
  Symbol name  : EtwRegisterTraceGuidsA
  Symbol name  : EtwRegisterTraceGuidsW
  Symbol name  : EtwStartTraceA
  Symbol name  : EtwStartTraceW
  Symbol name  : EtwStopTraceA
  Symbol name  : EtwStopTraceW
  Symbol name  : EtwTraceEvent
  Symbol name  : EtwTraceEventInstance
  Symbol name  : EtwTraceMessage
  Symbol name  : EtwTraceMessageVa
  Symbol name  : EtwUnregisterTraceGuids
  Symbol name  : EtwUpdateTraceA
  Symbol name  : EtwUpdateTraceW
  Symbol name  : fabs
  Symbol name  : floor
  Symbol name  : isalnum
  Symbol name  : isalpha
  Symbol name  : iscntrl
  Symbol name  : isdigit
  Symbol name  : isgraph
  Symbol name  : islower
  Symbol name  : isprint
  Symbol name  : ispunct
  Symbol name  : isspace
  Symbol name  : isupper
  Symbol name  : iswalpha
  Symbol name  : iswctype
  Symbol name  : iswdigit
  Symbol name  : iswlower
  Symbol name  : iswspace
  Symbol name  : iswxdigit
  Symbol name  : isxdigit
  Symbol name  : KiRaiseUserExceptionDispatcher
  Symbol name  : KiUserApcDispatcher
  Symbol name  : KiUserCallbackDispatcher
  Symbol name  : KiUserExceptionDispatcher
  Symbol name  : labs
  Symbol name  : LdrAccessOutOfProcessResource
  Symbol name  : LdrAccessResource
  Symbol name  : LdrAddRefDll
  Symbol name  : LdrAlternateResourcesEnabled
  Symbol name  : LdrCreateOutOfProcessImage
  Symbol name  : LdrDestroyOutOfProcessImage
  Symbol name  : LdrDisableThreadCalloutsForDll
  Symbol name  : LdrEnumerateLoadedModules
  Symbol name  : LdrEnumResources
  Symbol name  : LdrFindCreateProcessManifest
  Symbol name  : LdrFindEntryForAddress
  Symbol name  : LdrFindResource_U
  Symbol name  : LdrFindResourceDirectory_U
  Symbol name  : LdrFindResourceEx_U
  Symbol name  : LdrFlushAlternateResourceModules
  Symbol name  : LdrGetDllHandle
  Symbol name  : LdrGetDllHandleEx
  Symbol name  : LdrGetKnownDllSectionHandle
  Symbol name  : LdrGetProcedureAddress
  Symbol name  : LdrHotPatchRoutine
  Symbol name  : LdrInitializeThunk
  Symbol name  : LdrInitShimEngineDynamic
  Symbol name  : LdrLoadAlternateResourceModule
  Symbol name  : LdrLoadDll
  Symbol name  : LdrLockLoaderLock
  Symbol name  : LdrOpenImageFileOptionsKey
  Symbol name  : LdrProcessInitializationComplete
  Symbol name  : LdrProcessRelocationBlock
  Symbol name  : LdrQueryImageFileExecutionOptions
  Symbol name  : LdrQueryImageFileExecutionOptionsEx
  Symbol name  : LdrQueryImageFileKeyOption
  Symbol name  : LdrQueryProcessModuleInformation
  Symbol name  : LdrSetAppCompatDllRedirectionCallback
  Symbol name  : LdrSetDllManifestProber
  Symbol name  : LdrShutdownProcess
  Symbol name  : LdrShutdownThread
  Symbol name  : LdrUnloadAlternateResourceModule
  Symbol name  : LdrUnloadDll
  Symbol name  : LdrUnlockLoaderLock
  Symbol name  : LdrVerifyImageMatchesChecksum
  Symbol name  : log
  Symbol name  : longjmp
  Symbol name  : mbstowcs
  Symbol name  : memchr
  Symbol name  : memcmp
  Symbol name  : memcpy
  Symbol name  : memmove
  Symbol name  : memset
  Symbol name  : NlsAnsiCodePage
  Symbol name  : NlsMbCodePageTag
  Symbol name  : NlsMbOemCodePageTag
  Symbol name  : NtAcceptConnectPort
  Symbol name  : NtAccessCheck
  Symbol name  : NtAccessCheckAndAuditAlarm
  Symbol name  : NtAccessCheckByType
  Symbol name  : NtAccessCheckByTypeAndAuditAlarm
  Symbol name  : NtAccessCheckByTypeResultList
  Symbol name  : NtAccessCheckByTypeResultListAndAuditAlarm
  Symbol name  : NtAccessCheckByTypeResultListAndAuditAlarmByHandle
  Symbol name  : NtAddAtom
  Symbol name  : NtAddBootEntry
  Symbol name  : NtAddDriverEntry
  Symbol name  : NtAdjustGroupsToken
  Symbol name  : NtAdjustPrivilegesToken
  Symbol name  : NtAlertResumeThread
  Symbol name  : NtAlertThread
  Symbol name  : NtAllocateLocallyUniqueId
  Symbol name  : NtAllocateUserPhysicalPages
  Symbol name  : NtAllocateUuids
  Symbol name  : NtAllocateVirtualMemory
  Symbol name  : NtApphelpCacheControl
  Symbol name  : NtAreMappedFilesTheSame
  Symbol name  : NtAssignProcessToJobObject
  Symbol name  : NtCallbackReturn
  Symbol name  : NtCancelDeviceWakeupRequest
  Symbol name  : NtCancelIoFile
  Symbol name  : NtCancelTimer
  Symbol name  : NtClearEvent
  Symbol name  : NtClose
  Symbol name  : NtCloseObjectAuditAlarm
  Symbol name  : NtCompactKeys
  Symbol name  : NtCompareTokens
  Symbol name  : NtCompleteConnectPort
  Symbol name  : NtCompressKey
  Symbol name  : NtConnectPort
  Symbol name  : NtContinue
  Symbol name  : NtCreateDebugObject
  Symbol name  : NtCreateDirectoryObject
  Symbol name  : NtCreateEvent
  Symbol name  : NtCreateEventPair
  Symbol name  : NtCreateFile
  Symbol name  : NtCreateIoCompletion
  Symbol name  : NtCreateJobObject
  Symbol name  : NtCreateJobSet
  Symbol name  : NtCreateKey
  Symbol name  : NtCreateKeyedEvent
  Symbol name  : NtCreateMailslotFile
  Symbol name  : NtCreateMutant
  Symbol name  : NtCreateNamedPipeFile
  Symbol name  : NtCreatePagingFile
  Symbol name  : NtCreatePort
  Symbol name  : NtCreateProcess
  Symbol name  : NtCreateProcessEx
  Symbol name  : NtCreateProfile
  Symbol name  : NtCreateSection
  Symbol name  : NtCreateSemaphore
  Symbol name  : NtCreateSymbolicLinkObject
  Symbol name  : NtCreateThread
  Symbol name  : NtCreateTimer
  Symbol name  : NtCreateToken
  Symbol name  : NtCreateWaitablePort
  Symbol name  : NtDebugActiveProcess
  Symbol name  : NtDebugContinue
  Symbol name  : NtDelayExecution
  Symbol name  : NtDeleteAtom
  Symbol name  : NtDeleteBootEntry
  Symbol name  : NtDeleteDriverEntry
  Symbol name  : NtDeleteFile
  Symbol name  : NtDeleteKey
  Symbol name  : NtDeleteObjectAuditAlarm
  Symbol name  : NtDeleteValueKey
  Symbol name  : NtDeviceIoControlFile
  Symbol name  : NtDisplayString
  Symbol name  : NtDuplicateObject
  Symbol name  : NtDuplicateToken
  Symbol name  : NtEnumerateBootEntries
  Symbol name  : NtEnumerateDriverEntries
  Symbol name  : NtEnumerateKey
  Symbol name  : NtEnumerateSystemEnvironmentValuesEx
  Symbol name  : NtEnumerateValueKey
  Symbol name  : NtExtendSection
  Symbol name  : NtFilterToken
  Symbol name  : NtFindAtom
  Symbol name  : NtFlushBuffersFile
  Symbol name  : NtFlushInstructionCache
  Symbol name  : NtFlushKey
  Symbol name  : NtFlushVirtualMemory
  Symbol name  : NtFlushWriteBuffer
  Symbol name  : NtFreeUserPhysicalPages
  Symbol name  : NtFreeVirtualMemory
  Symbol name  : NtFsControlFile
  Symbol name  : NtGetContextThread
  Symbol name  : NtGetCurrentProcessorNumber
  Symbol name  : NtGetDevicePowerState
  Symbol name  : NtGetPlugPlayEvent
  Symbol name  : NtGetTickCount
  Symbol name  : NtGetWriteWatch
  Symbol name  : NtImpersonateAnonymousToken
  Symbol name  : NtImpersonateClientOfPort
  Symbol name  : NtImpersonateThread
  Symbol name  : NtInitializeRegistry
  Symbol name  : NtInitiatePowerAction
  Symbol name  : NtIsProcessInJob
  Symbol name  : NtIsSystemResumeAutomatic
  Symbol name  : NtListenPort
  Symbol name  : NtLoadDriver
  Symbol name  : NtLoadKey
  Symbol name  : NtLoadKey2
  Symbol name  : NtLoadKeyEx
  Symbol name  : NtLockFile
  Symbol name  : NtLockProductActivationKeys
  Symbol name  : NtLockRegistryKey
  Symbol name  : NtLockVirtualMemory
  Symbol name  : NtMakePermanentObject
  Symbol name  : NtMakeTemporaryObject
  Symbol name  : NtMapUserPhysicalPages
  Symbol name  : NtMapUserPhysicalPagesScatter
  Symbol name  : NtMapViewOfSection
  Symbol name  : NtModifyBootEntry
  Symbol name  : NtModifyDriverEntry
  Symbol name  : NtNotifyChangeDirectoryFile
  Symbol name  : NtNotifyChangeKey
  Symbol name  : NtNotifyChangeMultipleKeys
  Symbol name  : NtOpenDirectoryObject
  Symbol name  : NtOpenEvent
  Symbol name  : NtOpenEventPair
  Symbol name  : NtOpenFile
  Symbol name  : NtOpenIoCompletion
  Symbol name  : NtOpenJobObject
  Symbol name  : NtOpenKey
  Symbol name  : NtOpenKeyedEvent
  Symbol name  : NtOpenMutant
  Symbol name  : NtOpenObjectAuditAlarm
  Symbol name  : NtOpenProcess
  Symbol name  : NtOpenProcessToken
  Symbol name  : NtOpenProcessTokenEx
  Symbol name  : NtOpenSection
  Symbol name  : NtOpenSemaphore
  Symbol name  : NtOpenSymbolicLinkObject
  Symbol name  : NtOpenThread
  Symbol name  : NtOpenThreadToken
  Symbol name  : NtOpenThreadTokenEx
  Symbol name  : NtOpenTimer
  Symbol name  : NtPlugPlayControl
  Symbol name  : NtPowerInformation
  Symbol name  : NtPrivilegeCheck
  Symbol name  : NtPrivilegedServiceAuditAlarm
  Symbol name  : NtPrivilegeObjectAuditAlarm
  Symbol name  : NtProtectVirtualMemory
  Symbol name  : NtPulseEvent
  Symbol name  : NtQueryAttributesFile
  Symbol name  : NtQueryBootEntryOrder
  Symbol name  : NtQueryBootOptions
  Symbol name  : NtQueryDebugFilterState
  Symbol name  : NtQueryDefaultLocale
  Symbol name  : NtQueryDefaultUILanguage
  Symbol name  : NtQueryDirectoryFile
  Symbol name  : NtQueryDirectoryObject
  Symbol name  : NtQueryDriverEntryOrder
  Symbol name  : NtQueryEaFile
  Symbol name  : NtQueryEvent
  Symbol name  : NtQueryFullAttributesFile
  Symbol name  : NtQueryInformationAtom
  Symbol name  : NtQueryInformationFile
  Symbol name  : NtQueryInformationJobObject
  Symbol name  : NtQueryInformationPort
  Symbol name  : NtQueryInformationProcess
  Symbol name  : NtQueryInformationThread
  Symbol name  : NtQueryInformationToken
  Symbol name  : NtQueryInstallUILanguage
  Symbol name  : NtQueryIntervalProfile
  Symbol name  : NtQueryIoCompletion
  Symbol name  : NtQueryKey
  Symbol name  : NtQueryMultipleValueKey
  Symbol name  : NtQueryMutant
  Symbol name  : NtQueryObject
  Symbol name  : NtQueryOpenSubKeys
  Symbol name  : NtQueryOpenSubKeysEx
  Symbol name  : NtQueryPerformanceCounter
  Symbol name  : NtQueryPortInformationProcess
  Symbol name  : NtQueryQuotaInformationFile
  Symbol name  : NtQuerySection
  Symbol name  : NtQuerySecurityObject
  Symbol name  : NtQuerySemaphore
  Symbol name  : NtQuerySymbolicLinkObject
  Symbol name  : NtQuerySystemEnvironmentValue
  Symbol name  : NtQuerySystemEnvironmentValueEx
  Symbol name  : NtQuerySystemInformation
  Symbol name  : NtQuerySystemTime
  Symbol name  : NtQueryTimer
  Symbol name  : NtQueryTimerResolution
  Symbol name  : NtQueryValueKey
  Symbol name  : NtQueryVirtualMemory
  Symbol name  : NtQueryVolumeInformationFile
  Symbol name  : NtQueueApcThread
  Symbol name  : NtRaiseException
  Symbol name  : NtRaiseHardError
  Symbol name  : NtReadFile
  Symbol name  : NtReadFileScatter
  Symbol name  : NtReadRequestData
  Symbol name  : NtReadVirtualMemory
  Symbol name  : NtRegisterThreadTerminatePort
  Symbol name  : NtReleaseKeyedEvent
  Symbol name  : NtReleaseMutant
  Symbol name  : NtReleaseSemaphore
  Symbol name  : NtRemoveIoCompletion
  Symbol name  : NtRemoveProcessDebug
  Symbol name  : NtRenameKey
  Symbol name  : NtReplaceKey
  Symbol name  : NtReplyPort
  Symbol name  : NtReplyWaitReceivePort
  Symbol name  : NtReplyWaitReceivePortEx
  Symbol name  : NtReplyWaitReplyPort
  Symbol name  : NtRequestDeviceWakeup
  Symbol name  : NtRequestPort
  Symbol name  : NtRequestWaitReplyPort
  Symbol name  : NtRequestWakeupLatency
  Symbol name  : NtResetEvent
  Symbol name  : NtResetWriteWatch
  Symbol name  : NtRestoreKey
  Symbol name  : NtResumeProcess
  Symbol name  : NtResumeThread
  Symbol name  : NtSaveKey
  Symbol name  : NtSaveKeyEx
  Symbol name  : NtSaveMergedKeys
  Symbol name  : NtSecureConnectPort
  Symbol name  : NtSetBootEntryOrder
  Symbol name  : NtSetBootOptions
  Symbol name  : NtSetContextThread
  Symbol name  : NtSetDebugFilterState
  Symbol name  : NtSetDefaultHardErrorPort
  Symbol name  : NtSetDefaultLocale
  Symbol name  : NtSetDefaultUILanguage
  Symbol name  : NtSetDriverEntryOrder
  Symbol name  : NtSetEaFile
  Symbol name  : NtSetEvent
  Symbol name  : NtSetEventBoostPriority
  Symbol name  : NtSetHighEventPair
  Symbol name  : NtSetHighWaitLowEventPair
  Symbol name  : NtSetInformationDebugObject
  Symbol name  : NtSetInformationFile
  Symbol name  : NtSetInformationJobObject
  Symbol name  : NtSetInformationKey
  Symbol name  : NtSetInformationObject
  Symbol name  : NtSetInformationProcess
  Symbol name  : NtSetInformationThread
  Symbol name  : NtSetInformationToken
  Symbol name  : NtSetIntervalProfile
  Symbol name  : NtSetIoCompletion
  Symbol name  : NtSetLdtEntries
  Symbol name  : NtSetLowEventPair
  Symbol name  : NtSetLowWaitHighEventPair
  Symbol name  : NtSetQuotaInformationFile
  Symbol name  : NtSetSecurityObject
  Symbol name  : NtSetSystemEnvironmentValue
  Symbol name  : NtSetSystemEnvironmentValueEx
  Symbol name  : NtSetSystemInformation
  Symbol name  : NtSetSystemPowerState
  Symbol name  : NtSetSystemTime
  Symbol name  : NtSetThreadExecutionState
  Symbol name  : NtSetTimer
  Symbol name  : NtSetTimerResolution
  Symbol name  : NtSetUuidSeed
  Symbol name  : NtSetValueKey
  Symbol name  : NtSetVolumeInformationFile
  Symbol name  : NtShutdownSystem
  Symbol name  : NtSignalAndWaitForSingleObject
  Symbol name  : NtStartProfile
  Symbol name  : NtStopProfile
  Symbol name  : NtSuspendProcess
  Symbol name  : NtSuspendThread
  Symbol name  : NtSystemDebugControl
  Symbol name  : NtTerminateJobObject
  Symbol name  : NtTerminateProcess
  Symbol name  : NtTerminateThread
  Symbol name  : NtTestAlert
  Symbol name  : NtTraceEvent
  Symbol name  : NtTranslateFilePath
  Symbol name  : NtUnloadDriver
  Symbol name  : NtUnloadKey
  Symbol name  : NtUnloadKey2
  Symbol name  : NtUnloadKeyEx
  Symbol name  : NtUnlockFile
  Symbol name  : NtUnlockVirtualMemory
  Symbol name  : NtUnmapViewOfSection
  Symbol name  : NtVdmControl
  Symbol name  : NtWaitForDebugEvent
  Symbol name  : NtWaitForKeyedEvent
  Symbol name  : NtWaitForMultipleObjects
  Symbol name  : NtWaitForMultipleObjects32
  Symbol name  : NtWaitForSingleObject
  Symbol name  : NtWaitHighEventPair
  Symbol name  : NtWaitLowEventPair
  Symbol name  : NtWriteFile
  Symbol name  : NtWriteFileGather
  Symbol name  : NtWriteRequestData
  Symbol name  : NtWriteVirtualMemory
  Symbol name  : NtYieldExecution
  Symbol name  : PfxFindPrefix
  Symbol name  : PfxInitialize
  Symbol name  : PfxInsertPrefix
  Symbol name  : PfxRemovePrefix
  Symbol name  : pow
  Symbol name  : qsort
  Symbol name  : RtlAbortRXact
  Symbol name  : RtlAbsoluteToSelfRelativeSD
  Symbol name  : RtlAcquirePebLock
  Symbol name  : RtlAcquirePrivilege
  Symbol name  : RtlAcquireResourceExclusive
  Symbol name  : RtlAcquireResourceShared
  Symbol name  : RtlActivateActivationContext
  Symbol name  : RtlActivateActivationContextEx
  Symbol name  : RtlActivateActivationContextUnsafeFast
  Symbol name  : RtlAddAccessAllowedAce
  Symbol name  : RtlAddAccessAllowedAceEx
  Symbol name  : RtlAddAccessAllowedObjectAce
  Symbol name  : RtlAddAccessDeniedAce
  Symbol name  : RtlAddAccessDeniedAceEx
  Symbol name  : RtlAddAccessDeniedObjectAce
  Symbol name  : RtlAddAce
  Symbol name  : RtlAddActionToRXact
  Symbol name  : RtlAddAtomToAtomTable
  Symbol name  : RtlAddAttributeActionToRXact
  Symbol name  : RtlAddAuditAccessAce
  Symbol name  : RtlAddAuditAccessAceEx
  Symbol name  : RtlAddAuditAccessObjectAce
  Symbol name  : RtlAddCompoundAce
  Symbol name  : RtlAddFunctionTable
  Symbol name  : RtlAddRefActivationContext
  Symbol name  : RtlAddRefMemoryStream
  Symbol name  : RtlAddressInSectionTable
  Symbol name  : RtlAddVectoredContinueHandler
  Symbol name  : RtlAddVectoredExceptionHandler
  Symbol name  : RtlAdjustPrivilege
  Symbol name  : RtlAllocateActivationContextStack
  Symbol name  : RtlAllocateAndInitializeSid
  Symbol name  : RtlAllocateHandle
  Symbol name  : RtlAllocateHeap
  Symbol name  : RtlAnsiCharToUnicodeChar
  Symbol name  : RtlAnsiStringToUnicodeSize
  Symbol name  : RtlAnsiStringToUnicodeString
  Symbol name  : RtlAppendAsciizToString
  Symbol name  : RtlAppendPathElement
  Symbol name  : RtlAppendStringToString
  Symbol name  : RtlAppendUnicodeStringToString
  Symbol name  : RtlAppendUnicodeToString
  Symbol name  : RtlApplicationVerifierStop
  Symbol name  : RtlApplyRXact
  Symbol name  : RtlApplyRXactNoFlush
  Symbol name  : RtlAreAllAccessesGranted
  Symbol name  : RtlAreAnyAccessesGranted
  Symbol name  : RtlAreBitsClear
  Symbol name  : RtlAreBitsSet
  Symbol name  : RtlAssert
  Symbol name  : RtlCancelTimer
  Symbol name  : RtlCaptureContext
  Symbol name  : RtlCaptureStackBackTrace
  Symbol name  : RtlCharToInteger
  Symbol name  : RtlCheckForOrphanedCriticalSections
  Symbol name  : RtlCheckProcessParameters
  Symbol name  : RtlCheckRegistryKey
  Symbol name  : RtlClearAllBits
  Symbol name  : RtlClearBits
  Symbol name  : RtlCloneMemoryStream
  Symbol name  : RtlCommitMemoryStream
  Symbol name  : RtlCompactHeap
  Symbol name  : RtlCompareMemory
  Symbol name  : RtlCompareMemoryUlong
  Symbol name  : RtlCompareString
  Symbol name  : RtlCompareUnicodeString
  Symbol name  : RtlCompressBuffer
  Symbol name  : RtlComputeCrc32
  Symbol name  : RtlComputeImportTableHash
  Symbol name  : RtlComputePrivatizedDllName_U
  Symbol name  : RtlConsoleMultiByteToUnicodeN
  Symbol name  : RtlConvertExclusiveToShared
  Symbol name  : RtlConvertSharedToExclusive
  Symbol name  : RtlConvertSidToUnicodeString
  Symbol name  : RtlConvertToAutoInheritSecurityObject
  Symbol name  : RtlConvertUiListToApiList
  Symbol name  : RtlCopyLuid
  Symbol name  : RtlCopyLuidAndAttributesArray
  Symbol name  : RtlCopyMappedMemory
  Symbol name  : RtlCopyMemory
  Symbol name  : RtlCopyMemoryNonTemporal
  Symbol name  : RtlCopyMemoryStreamTo
  Symbol name  : RtlCopyOutOfProcessMemoryStreamTo
  Symbol name  : RtlCopySecurityDescriptor
  Symbol name  : RtlCopySid
  Symbol name  : RtlCopySidAndAttributesArray
  Symbol name  : RtlCopyString
  Symbol name  : RtlCopyUnicodeString
  Symbol name  : RtlCreateAcl
  Symbol name  : RtlCreateActivationContext
  Symbol name  : RtlCreateAndSetSD
  Symbol name  : RtlCreateAtomTable
  Symbol name  : RtlCreateBootStatusDataFile
  Symbol name  : RtlCreateEnvironment
  Symbol name  : RtlCreateHeap
  Symbol name  : RtlCreateProcessParameters
  Symbol name  : RtlCreateQueryDebugBuffer
  Symbol name  : RtlCreateRegistryKey
  Symbol name  : RtlCreateSecurityDescriptor
  Symbol name  : RtlCreateSystemVolumeInformationFolder
  Symbol name  : RtlCreateTagHeap
  Symbol name  : RtlCreateTimer
  Symbol name  : RtlCreateTimerQueue
  Symbol name  : RtlCreateUnicodeString
  Symbol name  : RtlCreateUnicodeStringFromAsciiz
  Symbol name  : RtlCreateUserProcess
  Symbol name  : RtlCreateUserSecurityObject
  Symbol name  : RtlCreateUserThread
  Symbol name  : RtlCustomCPToUnicodeN
  Symbol name  : RtlCutoverTimeToSystemTime
  Symbol name  : RtlDeactivateActivationContext
  Symbol name  : RtlDeactivateActivationContextUnsafeFast
  Symbol name  : RtlDebugPrintTimes
  Symbol name  : RtlDecodePointer
  Symbol name  : RtlDecodeSystemPointer
  Symbol name  : RtlDecompressBuffer
  Symbol name  : RtlDecompressFragment
  Symbol name  : RtlDefaultNpAcl
  Symbol name  : RtlDelete
  Symbol name  : RtlDeleteAce
  Symbol name  : RtlDeleteAtomFromAtomTable
  Symbol name  : RtlDeleteCriticalSection
  Symbol name  : RtlDeleteElementGenericTable
  Symbol name  : RtlDeleteElementGenericTableAvl
  Symbol name  : RtlDeleteFunctionTable
  Symbol name  : RtlDeleteNoSplay
  Symbol name  : RtlDeleteRegistryValue
  Symbol name  : RtlDeleteResource
  Symbol name  : RtlDeleteSecurityObject
  Symbol name  : RtlDeleteTimer
  Symbol name  : RtlDeleteTimerQueue
  Symbol name  : RtlDeleteTimerQueueEx
  Symbol name  : RtlDeNormalizeProcessParams
  Symbol name  : RtlDeregisterWait
  Symbol name  : RtlDeregisterWaitEx
  Symbol name  : RtlDestroyAtomTable
  Symbol name  : RtlDestroyEnvironment
  Symbol name  : RtlDestroyHandleTable
  Symbol name  : RtlDestroyHeap
  Symbol name  : RtlDestroyProcessParameters
  Symbol name  : RtlDestroyQueryDebugBuffer
  Symbol name  : RtlDetermineDosPathNameType_U
  Symbol name  : RtlDllShutdownInProgress
  Symbol name  : RtlDnsHostNameToComputerName
  Symbol name  : RtlDoesFileExists_U
  Symbol name  : RtlDosApplyFileIsolationRedirection_Ustr
  Symbol name  : RtlDosPathNameToNtPathName_U
  Symbol name  : RtlDosPathNameToNtPathName_U_WithStatus
  Symbol name  : RtlDosPathNameToRelativeNtPathName_U
  Symbol name  : RtlDosPathNameToRelativeNtPathName_U_WithStatus
  Symbol name  : RtlDosSearchPath_U
  Symbol name  : RtlDosSearchPath_Ustr
  Symbol name  : RtlDowncaseUnicodeChar
  Symbol name  : RtlDowncaseUnicodeString
  Symbol name  : RtlDumpResource
  Symbol name  : RtlDuplicateUnicodeString
  Symbol name  : RtlEmptyAtomTable
  Symbol name  : RtlEnableEarlyCriticalSectionEventCreation
  Symbol name  : RtlEncodePointer
  Symbol name  : RtlEncodeSystemPointer
  Symbol name  : RtlEnterCriticalSection
  Symbol name  : RtlEnumerateGenericTable
  Symbol name  : RtlEnumerateGenericTableAvl
  Symbol name  : RtlEnumerateGenericTableLikeADirectory
  Symbol name  : RtlEnumerateGenericTableWithoutSplaying
  Symbol name  : RtlEnumerateGenericTableWithoutSplayingAvl
  Symbol name  : RtlEnumProcessHeaps
  Symbol name  : RtlEqualComputerName
  Symbol name  : RtlEqualDomainName
  Symbol name  : RtlEqualLuid
  Symbol name  : RtlEqualPrefixSid
  Symbol name  : RtlEqualSid
  Symbol name  : RtlEqualString
  Symbol name  : RtlEqualUnicodeString
  Symbol name  : RtlEraseUnicodeString
  Symbol name  : RtlExitUserThread
  Symbol name  : RtlExpandEnvironmentStrings_U
  Symbol name  : RtlExtendHeap
  Symbol name  : RtlFillMemory
  Symbol name  : RtlFinalReleaseOutOfProcessMemoryStream
  Symbol name  : RtlFindActivationContextSectionGuid
  Symbol name  : RtlFindActivationContextSectionString
  Symbol name  : RtlFindCharInUnicodeString
  Symbol name  : RtlFindClearBits
  Symbol name  : RtlFindClearBitsAndSet
  Symbol name  : RtlFindClearRuns
  Symbol name  : RtlFindLastBackwardRunClear
  Symbol name  : RtlFindLeastSignificantBit
  Symbol name  : RtlFindLongestRunClear
  Symbol name  : RtlFindMessage
  Symbol name  : RtlFindMostSignificantBit
  Symbol name  : RtlFindNextForwardRunClear
  Symbol name  : RtlFindSetBits
  Symbol name  : RtlFindSetBitsAndClear
  Symbol name  : RtlFirstEntrySList
  Symbol name  : RtlFirstFreeAce
  Symbol name  : RtlFlushSecureMemoryCache
  Symbol name  : RtlFormatCurrentUserKeyPath
  Symbol name  : RtlFormatMessage
  Symbol name  : RtlFormatMessageEx
  Symbol name  : RtlFreeActivationContextStack
  Symbol name  : RtlFreeAnsiString
  Symbol name  : RtlFreeHandle
  Symbol name  : RtlFreeHeap
  Symbol name  : RtlFreeOemString
  Symbol name  : RtlFreeSid
  Symbol name  : RtlFreeThreadActivationContextStack
  Symbol name  : RtlFreeUnicodeString
  Symbol name  : RtlFreeUserThreadStack
  Symbol name  : RtlGenerate8dot3Name
  Symbol name  : RtlGetAce
  Symbol name  : RtlGetActiveActivationContext
  Symbol name  : RtlGetCallersAddress
  Symbol name  : RtlGetCompressionWorkSpaceSize
  Symbol name  : RtlGetControlSecurityDescriptor
  Symbol name  : RtlGetCriticalSectionRecursionCount
  Symbol name  : RtlGetCurrentDirectory_U
  Symbol name  : RtlGetCurrentPeb
  Symbol name  : RtlGetCurrentProcessorNumber
  Symbol name  : RtlGetDaclSecurityDescriptor
  Symbol name  : RtlGetElementGenericTable
  Symbol name  : RtlGetElementGenericTableAvl
  Symbol name  : RtlGetFrame
  Symbol name  : RtlGetFullPathName_U
  Symbol name  : RtlGetFullPathName_UstrEx
  Symbol name  : RtlGetFunctionTableListHead
  Symbol name  : RtlGetGroupSecurityDescriptor
  Symbol name  : RtlGetLastNtStatus
  Symbol name  : RtlGetLastWin32Error
  Symbol name  : RtlGetLengthWithoutLastFullDosOrNtPathElement
  Symbol name  : RtlGetLengthWithoutTrailingPathSeperators
  Symbol name  : RtlGetLongestNtPathLength
  Symbol name  : RtlGetNativeSystemInformation
  Symbol name  : RtlGetNtGlobalFlags
  Symbol name  : RtlGetNtProductType
  Symbol name  : RtlGetNtVersionNumbers
  Symbol name  : RtlGetOwnerSecurityDescriptor
  Symbol name  : RtlGetProcessHeaps
  Symbol name  : RtlGetSaclSecurityDescriptor
  Symbol name  : RtlGetSecurityDescriptorRMControl
  Symbol name  : RtlGetSetBootStatusData
  Symbol name  : RtlGetThreadErrorMode
  Symbol name  : RtlGetUnloadEventTrace
  Symbol name  : RtlGetUserInfoHeap
  Symbol name  : RtlGetVersion
  Symbol name  : RtlGUIDFromString
  Symbol name  : RtlHashUnicodeString
  Symbol name  : RtlIdentifierAuthoritySid
  Symbol name  : RtlImageDirectoryEntryToData
  Symbol name  : RtlImageNtHeader
  Symbol name  : RtlImageNtHeaderEx
  Symbol name  : RtlImageRvaToSection
  Symbol name  : RtlImageRvaToVa
  Symbol name  : RtlImpersonateSelf
  Symbol name  : RtlInitAnsiString
  Symbol name  : RtlInitAnsiStringEx
  Symbol name  : RtlInitCodePageTable
  Symbol name  : RtlInitializeAtomPackage
  Symbol name  : RtlInitializeBitMap
  Symbol name  : RtlInitializeContext
  Symbol name  : RtlInitializeCriticalSection
  Symbol name  : RtlInitializeCriticalSectionAndSpinCount
  Symbol name  : RtlInitializeGenericTable
  Symbol name  : RtlInitializeGenericTableAvl
  Symbol name  : RtlInitializeHandleTable
  Symbol name  : RtlInitializeResource
  Symbol name  : RtlInitializeRXact
  Symbol name  : RtlInitializeSid
  Symbol name  : RtlInitializeSListHead
  Symbol name  : RtlInitMemoryStream
  Symbol name  : RtlInitNlsTables
  Symbol name  : RtlInitOutOfProcessMemoryStream
  Symbol name  : RtlInitString
  Symbol name  : RtlInitUnicodeString
  Symbol name  : RtlInitUnicodeStringEx
  Symbol name  : RtlInsertElementGenericTable
  Symbol name  : RtlInsertElementGenericTableAvl
  Symbol name  : RtlInsertElementGenericTableFull
  Symbol name  : RtlInsertElementGenericTableFullAvl
  Symbol name  : RtlInstallFunctionTableCallback
  Symbol name  : RtlInt64ToUnicodeString
  Symbol name  : RtlIntegerToChar
  Symbol name  : RtlIntegerToUnicodeString
  Symbol name  : RtlInterlockedFlushSList
  Symbol name  : RtlInterlockedPopEntrySList
  Symbol name  : RtlInterlockedPushEntrySList
  Symbol name  : RtlInterlockedPushListSList
  Symbol name  : RtlIpv4AddressToStringA
  Symbol name  : RtlIpv4AddressToStringExA
  Symbol name  : RtlIpv4AddressToStringExW
  Symbol name  : RtlIpv4AddressToStringW
  Symbol name  : RtlIpv4StringToAddressA
  Symbol name  : RtlIpv4StringToAddressExA
  Symbol name  : RtlIpv4StringToAddressExW
  Symbol name  : RtlIpv4StringToAddressW
  Symbol name  : RtlIpv6AddressToStringA
  Symbol name  : RtlIpv6AddressToStringExA
  Symbol name  : RtlIpv6AddressToStringExW
  Symbol name  : RtlIpv6AddressToStringW
  Symbol name  : RtlIpv6StringToAddressA
  Symbol name  : RtlIpv6StringToAddressExA
  Symbol name  : RtlIpv6StringToAddressExW
  Symbol name  : RtlIpv6StringToAddressW
  Symbol name  : RtlIsActivationContextActive
  Symbol name  : RtlIsCriticalSectionLocked
  Symbol name  : RtlIsCriticalSectionLockedByThread
  Symbol name  : RtlIsDosDeviceName_U
  Symbol name  : RtlIsGenericTableEmpty
  Symbol name  : RtlIsGenericTableEmptyAvl
  Symbol name  : RtlIsNameLegalDOS8Dot3
  Symbol name  : RtlIsTextUnicode
  Symbol name  : RtlIsThreadWithinLoaderCallout
  Symbol name  : RtlIsValidHandle
  Symbol name  : RtlIsValidIndexHandle
  Symbol name  : RtlLargeIntegerToChar
  Symbol name  : RtlLeaveCriticalSection
  Symbol name  : RtlLengthRequiredSid
  Symbol name  : RtlLengthSecurityDescriptor
  Symbol name  : RtlLengthSid
  Symbol name  : RtlLocalTimeToSystemTime
  Symbol name  : RtlLockBootStatusData
  Symbol name  : RtlLockHeap
  Symbol name  : RtlLockMemoryStreamRegion
  Symbol name  : RtlLogStackBackTrace
  Symbol name  : RtlLookupAtomInAtomTable
  Symbol name  : RtlLookupElementGenericTable
  Symbol name  : RtlLookupElementGenericTableAvl
  Symbol name  : RtlLookupElementGenericTableFull
  Symbol name  : RtlLookupElementGenericTableFullAvl
  Symbol name  : RtlLookupFunctionEntry
  Symbol name  : RtlLookupFunctionTable
  Symbol name  : RtlMakeSelfRelativeSD
  Symbol name  : RtlMapGenericMask
  Symbol name  : RtlMapSecurityErrorToNtStatus
  Symbol name  : RtlMoveMemory
  Symbol name  : RtlMultiAppendUnicodeStringBuffer
  Symbol name  : RtlMultiByteToUnicodeN
  Symbol name  : RtlMultiByteToUnicodeSize
  Symbol name  : RtlMultipleAllocateHeap
  Symbol name  : RtlMultipleFreeHeap
  Symbol name  : RtlNewInstanceSecurityObject
  Symbol name  : RtlNewSecurityGrantedAccess
  Symbol name  : RtlNewSecurityObject
  Symbol name  : RtlNewSecurityObjectEx
  Symbol name  : RtlNewSecurityObjectWithMultipleInheritance
  Symbol name  : RtlNormalizeProcessParams
  Symbol name  : RtlNtPathNameToDosPathName
  Symbol name  : RtlNtStatusToDosError
  Symbol name  : RtlNtStatusToDosErrorNoTeb
  Symbol name  : RtlNumberGenericTableElements
  Symbol name  : RtlNumberGenericTableElementsAvl
  Symbol name  : RtlNumberOfClearBits
  Symbol name  : RtlNumberOfSetBits
  Symbol name  : RtlOemStringToUnicodeSize
  Symbol name  : RtlOemStringToUnicodeString
  Symbol name  : RtlOemToUnicodeN
  Symbol name  : RtlOpenCurrentUser
  Symbol name  : RtlpApplyLengthFunction
  Symbol name  : RtlPcToFileHeader
  Symbol name  : RtlpEnsureBufferSize
  Symbol name  : RtlPinAtomInAtomTable
  Symbol name  : RtlpNotOwnerCriticalSection
  Symbol name  : RtlpNtCreateKey
  Symbol name  : RtlpNtEnumerateSubKey
  Symbol name  : RtlpNtMakeTemporaryKey
  Symbol name  : RtlpNtOpenKey
  Symbol name  : RtlpNtQueryValueKey
  Symbol name  : RtlpNtSetValueKey
  Symbol name  : RtlPopFrame
  Symbol name  : RtlPrefixString
  Symbol name  : RtlPrefixUnicodeString
  Symbol name  : RtlProtectHeap
  Symbol name  : RtlpUnWaitCriticalSection
  Symbol name  : RtlPushFrame
  Symbol name  : RtlpWaitForCriticalSection
  Symbol name  : RtlQueryAtomInAtomTable
  Symbol name  : RtlQueryDepthSList
  Symbol name  : RtlQueryEnvironmentVariable_U
  Symbol name  : RtlQueryHeapInformation
  Symbol name  : RtlQueryInformationAcl
  Symbol name  : RtlQueryInformationActivationContext
  Symbol name  : RtlQueryInformationActiveActivationContext
  Symbol name  : RtlQueryInterfaceMemoryStream
  Symbol name  : RtlQueryProcessBackTraceInformation
  Symbol name  : RtlQueryProcessDebugInformation
  Symbol name  : RtlQueryProcessHeapInformation
  Symbol name  : RtlQueryProcessLockInformation
  Symbol name  : RtlQueryRegistryValues
  Symbol name  : RtlQuerySecurityObject
  Symbol name  : RtlQueryTagHeap
  Symbol name  : RtlQueryTimeZoneInformation
  Symbol name  : RtlQueueApcWow64Thread
  Symbol name  : RtlQueueWorkItem
  Symbol name  : RtlRaiseException
  Symbol name  : RtlRaiseStatus
  Symbol name  : RtlRandom
  Symbol name  : RtlRandomEx
  Symbol name  : RtlReadMemoryStream
  Symbol name  : RtlReadOutOfProcessMemoryStream
  Symbol name  : RtlReAllocateHeap
  Symbol name  : RtlRealPredecessor
  Symbol name  : RtlRealSuccessor
  Symbol name  : RtlRegisterSecureMemoryCacheCallback
  Symbol name  : RtlRegisterWait
  Symbol name  : RtlReleaseActivationContext
  Symbol name  : RtlReleaseMemoryStream
  Symbol name  : RtlReleasePebLock
  Symbol name  : RtlReleasePrivilege
  Symbol name  : RtlReleaseRelativeName
  Symbol name  : RtlReleaseResource
  Symbol name  : RtlRemoteCall
  Symbol name  : RtlRemoveVectoredContinueHandler
  Symbol name  : RtlRemoveVectoredExceptionHandler
  Symbol name  : RtlResetRtlTranslations
  Symbol name  : RtlRestoreContext
  Symbol name  : RtlRestoreLastWin32Error
  Symbol name  : RtlRevertMemoryStream
  Symbol name  : RtlRunDecodeUnicodeString
  Symbol name  : RtlRunEncodeUnicodeString
  Symbol name  : RtlSecondsSince1970ToTime
  Symbol name  : RtlSecondsSince1980ToTime
  Symbol name  : RtlSeekMemoryStream
  Symbol name  : RtlSelfRelativeToAbsoluteSD
  Symbol name  : RtlSelfRelativeToAbsoluteSD2
  Symbol name  : RtlSetAllBits
  Symbol name  : RtlSetAttributesSecurityDescriptor
  Symbol name  : RtlSetBits
  Symbol name  : RtlSetControlSecurityDescriptor
  Symbol name  : RtlSetCriticalSectionSpinCount
  Symbol name  : RtlSetCurrentDirectory_U
  Symbol name  : RtlSetCurrentEnvironment
  Symbol name  : RtlSetDaclSecurityDescriptor
  Symbol name  : RtlSetEnvironmentStrings
  Symbol name  : RtlSetEnvironmentVariable
  Symbol name  : RtlSetGroupSecurityDescriptor
  Symbol name  : RtlSetHeapInformation
  Symbol name  : RtlSetInformationAcl
  Symbol name  : RtlSetIoCompletionCallback
  Symbol name  : RtlSetLastWin32Error
  Symbol name  : RtlSetLastWin32ErrorAndNtStatusFromNtStatus
  Symbol name  : RtlSetMemoryStreamSize
  Symbol name  : RtlSetOwnerSecurityDescriptor
  Symbol name  : RtlSetProcessIsCritical
  Symbol name  : RtlSetSaclSecurityDescriptor
  Symbol name  : RtlSetSecurityDescriptorRMControl
  Symbol name  : RtlSetSecurityObject
  Symbol name  : RtlSetSecurityObjectEx
  Symbol name  : RtlSetThreadErrorMode
  Symbol name  : RtlSetThreadIsCritical
  Symbol name  : RtlSetThreadPoolStartFunc
  Symbol name  : RtlSetTimer
  Symbol name  : RtlSetTimeZoneInformation
  Symbol name  : RtlSetUnhandledExceptionFilter
  Symbol name  : RtlSetUnicodeCallouts
  Symbol name  : RtlSetUserFlagsHeap
  Symbol name  : RtlSetUserValueHeap
  Symbol name  : RtlSizeHeap
  Symbol name  : RtlSplay
  Symbol name  : RtlStartRXact
  Symbol name  : RtlStatMemoryStream
  Symbol name  : RtlStringFromGUID
  Symbol name  : RtlSubAuthorityCountSid
  Symbol name  : RtlSubAuthoritySid
  Symbol name  : RtlSubtreePredecessor
  Symbol name  : RtlSubtreeSuccessor
  Symbol name  : RtlSystemTimeToLocalTime
  Symbol name  : RtlTimeFieldsToTime
  Symbol name  : RtlTimeToElapsedTimeFields
  Symbol name  : RtlTimeToSecondsSince1970
  Symbol name  : RtlTimeToSecondsSince1980
  Symbol name  : RtlTimeToTimeFields
  Symbol name  : RtlTraceDatabaseAdd
  Symbol name  : RtlTraceDatabaseCreate
  Symbol name  : RtlTraceDatabaseDestroy
  Symbol name  : RtlTraceDatabaseEnumerate
  Symbol name  : RtlTraceDatabaseFind
  Symbol name  : RtlTraceDatabaseLock
  Symbol name  : RtlTraceDatabaseUnlock
  Symbol name  : RtlTraceDatabaseValidate
  Symbol name  : RtlTryEnterCriticalSection
  Symbol name  : RtlUnhandledExceptionFilter
  Symbol name  : RtlUnhandledExceptionFilter2
  Symbol name  : RtlUnicodeStringToAnsiSize
  Symbol name  : RtlUnicodeStringToAnsiString
  Symbol name  : RtlUnicodeStringToCountedOemString
  Symbol name  : RtlUnicodeStringToInteger
  Symbol name  : RtlUnicodeStringToOemSize
  Symbol name  : RtlUnicodeStringToOemString
  Symbol name  : RtlUnicodeToCustomCPN
  Symbol name  : RtlUnicodeToMultiByteN
  Symbol name  : RtlUnicodeToMultiByteSize
  Symbol name  : RtlUnicodeToOemN
  Symbol name  : RtlUniform
  Symbol name  : RtlUnlockBootStatusData
  Symbol name  : RtlUnlockHeap
  Symbol name  : RtlUnlockMemoryStreamRegion
  Symbol name  : RtlUnwind
  Symbol name  : RtlUnwindEx
  Symbol name  : RtlUpcaseUnicodeChar
  Symbol name  : RtlUpcaseUnicodeString
  Symbol name  : RtlUpcaseUnicodeStringToAnsiString
  Symbol name  : RtlUpcaseUnicodeStringToCountedOemString
  Symbol name  : RtlUpcaseUnicodeStringToOemString
  Symbol name  : RtlUpcaseUnicodeToCustomCPN
  Symbol name  : RtlUpcaseUnicodeToMultiByteN
  Symbol name  : RtlUpcaseUnicodeToOemN
  Symbol name  : RtlUpdateTimer
  Symbol name  : RtlUpperChar
  Symbol name  : RtlUpperString
  Symbol name  : RtlUsageHeap
  Symbol name  : RtlValidAcl
  Symbol name  : RtlValidateHeap
  Symbol name  : RtlValidateProcessHeaps
  Symbol name  : RtlValidateUnicodeString
  Symbol name  : RtlValidRelativeSecurityDescriptor
  Symbol name  : RtlValidSecurityDescriptor
  Symbol name  : RtlValidSid
  Symbol name  : RtlVerifyVersionInfo
  Symbol name  : RtlVirtualUnwind
  Symbol name  : RtlWalkFrameChain
  Symbol name  : RtlWalkHeap
  Symbol name  : RtlWow64EnableFsRedirection
  Symbol name  : RtlWow64EnableFsRedirectionEx
  Symbol name  : RtlWriteMemoryStream
  Symbol name  : RtlWriteRegistryValue
  Symbol name  : RtlxAnsiStringToUnicodeSize
  Symbol name  : RtlxOemStringToUnicodeSize
  Symbol name  : RtlxUnicodeStringToAnsiSize
  Symbol name  : RtlxUnicodeStringToOemSize
  Symbol name  : RtlZeroHeap
  Symbol name  : RtlZeroMemory
  Symbol name  : RtlZombifyActivationContext
  Symbol name  : sin
  Symbol name  : sprintf
  Symbol name  : sqrt
  Symbol name  : sscanf
  Symbol name  : strcat
  Symbol name  : strchr
  Symbol name  : strcmp
  Symbol name  : strcpy
  Symbol name  : strcspn
  Symbol name  : strlen
  Symbol name  : strncat
  Symbol name  : strncmp
  Symbol name  : strncpy
  Symbol name  : strpbrk
  Symbol name  : strrchr
  Symbol name  : strspn
  Symbol name  : strstr
  Symbol name  : strtol
  Symbol name  : strtoul
  Symbol name  : swprintf
  Symbol name  : tan
  Symbol name  : tolower
  Symbol name  : toupper
  Symbol name  : towlower
  Symbol name  : towupper
  Symbol name  : vDbgPrintEx
  Symbol name  : vDbgPrintExWithPrefix
  Symbol name  : VerSetConditionMask
  Symbol name  : vsprintf
  Symbol name  : wcscat
  Symbol name  : wcschr
  Symbol name  : wcscmp
  Symbol name  : wcscpy
  Symbol name  : wcscspn
  Symbol name  : wcslen
  Symbol name  : wcsncat
  Symbol name  : wcsncmp
  Symbol name  : wcsncpy
  Symbol name  : wcspbrk
  Symbol name  : wcsrchr
  Symbol name  : wcsspn
  Symbol name  : wcsstr
  Symbol name  : wcstol
  Symbol name  : wcstombs
  Symbol name  : wcstoul
  Symbol name  : ZwAcceptConnectPort
  Symbol name  : ZwAccessCheck
  Symbol name  : ZwAccessCheckAndAuditAlarm
  Symbol name  : ZwAccessCheckByType
  Symbol name  : ZwAccessCheckByTypeAndAuditAlarm
  Symbol name  : ZwAccessCheckByTypeResultList
  Symbol name  : ZwAccessCheckByTypeResultListAndAuditAlarm
  Symbol name  : ZwAccessCheckByTypeResultListAndAuditAlarmByHandle
  Symbol name  : ZwAddAtom
  Symbol name  : ZwAddBootEntry
  Symbol name  : ZwAddDriverEntry
  Symbol name  : ZwAdjustGroupsToken
  Symbol name  : ZwAdjustPrivilegesToken
  Symbol name  : ZwAlertResumeThread
  Symbol name  : ZwAlertThread
  Symbol name  : ZwAllocateLocallyUniqueId
  Symbol name  : ZwAllocateUserPhysicalPages
  Symbol name  : ZwAllocateUuids
  Symbol name  : ZwAllocateVirtualMemory
  Symbol name  : ZwApphelpCacheControl
  Symbol name  : ZwAreMappedFilesTheSame
  Symbol name  : ZwAssignProcessToJobObject
  Symbol name  : ZwCallbackReturn
  Symbol name  : ZwCancelDeviceWakeupRequest
  Symbol name  : ZwCancelIoFile
  Symbol name  : ZwCancelTimer
  Symbol name  : ZwClearEvent
  Symbol name  : ZwClose
  Symbol name  : ZwCloseObjectAuditAlarm
  Symbol name  : ZwCompactKeys
  Symbol name  : ZwCompareTokens
  Symbol name  : ZwCompleteConnectPort
  Symbol name  : ZwCompressKey
  Symbol name  : ZwConnectPort
  Symbol name  : ZwContinue
  Symbol name  : ZwCreateDebugObject
  Symbol name  : ZwCreateDirectoryObject
  Symbol name  : ZwCreateEvent
  Symbol name  : ZwCreateEventPair
  Symbol name  : ZwCreateFile
  Symbol name  : ZwCreateIoCompletion
  Symbol name  : ZwCreateJobObject
  Symbol name  : ZwCreateJobSet
  Symbol name  : ZwCreateKey
  Symbol name  : ZwCreateKeyedEvent
  Symbol name  : ZwCreateMailslotFile
  Symbol name  : ZwCreateMutant
  Symbol name  : ZwCreateNamedPipeFile
  Symbol name  : ZwCreatePagingFile
  Symbol name  : ZwCreatePort
  Symbol name  : ZwCreateProcess
  Symbol name  : ZwCreateProcessEx
  Symbol name  : ZwCreateProfile
  Symbol name  : ZwCreateSection
  Symbol name  : ZwCreateSemaphore
  Symbol name  : ZwCreateSymbolicLinkObject
  Symbol name  : ZwCreateThread
  Symbol name  : ZwCreateTimer
  Symbol name  : ZwCreateToken
  Symbol name  : ZwCreateWaitablePort
  Symbol name  : ZwDebugActiveProcess
  Symbol name  : ZwDebugContinue
  Symbol name  : ZwDelayExecution
  Symbol name  : ZwDeleteAtom
  Symbol name  : ZwDeleteBootEntry
  Symbol name  : ZwDeleteDriverEntry
  Symbol name  : ZwDeleteFile
  Symbol name  : ZwDeleteKey
  Symbol name  : ZwDeleteObjectAuditAlarm
  Symbol name  : ZwDeleteValueKey
  Symbol name  : ZwDeviceIoControlFile
  Symbol name  : ZwDisplayString
  Symbol name  : ZwDuplicateObject
  Symbol name  : ZwDuplicateToken
  Symbol name  : ZwEnumerateBootEntries
  Symbol name  : ZwEnumerateDriverEntries
  Symbol name  : ZwEnumerateKey
  Symbol name  : ZwEnumerateSystemEnvironmentValuesEx
  Symbol name  : ZwEnumerateValueKey
  Symbol name  : ZwExtendSection
  Symbol name  : ZwFilterToken
  Symbol name  : ZwFindAtom
  Symbol name  : ZwFlushBuffersFile
  Symbol name  : ZwFlushInstructionCache
  Symbol name  : ZwFlushKey
  Symbol name  : ZwFlushVirtualMemory
  Symbol name  : ZwFlushWriteBuffer
  Symbol name  : ZwFreeUserPhysicalPages
  Symbol name  : ZwFreeVirtualMemory
  Symbol name  : ZwFsControlFile
  Symbol name  : ZwGetContextThread
  Symbol name  : ZwGetCurrentProcessorNumber
  Symbol name  : ZwGetDevicePowerState
  Symbol name  : ZwGetPlugPlayEvent
  Symbol name  : ZwGetWriteWatch
  Symbol name  : ZwImpersonateAnonymousToken
  Symbol name  : ZwImpersonateClientOfPort
  Symbol name  : ZwImpersonateThread
  Symbol name  : ZwInitializeRegistry
  Symbol name  : ZwInitiatePowerAction
  Symbol name  : ZwIsProcessInJob
  Symbol name  : ZwIsSystemResumeAutomatic
  Symbol name  : ZwListenPort
  Symbol name  : ZwLoadDriver
  Symbol name  : ZwLoadKey
  Symbol name  : ZwLoadKey2
  Symbol name  : ZwLoadKeyEx
  Symbol name  : ZwLockFile
  Symbol name  : ZwLockProductActivationKeys
  Symbol name  : ZwLockRegistryKey
  Symbol name  : ZwLockVirtualMemory
  Symbol name  : ZwMakePermanentObject
  Symbol name  : ZwMakeTemporaryObject
  Symbol name  : ZwMapUserPhysicalPages
  Symbol name  : ZwMapUserPhysicalPagesScatter
  Symbol name  : ZwMapViewOfSection
  Symbol name  : ZwModifyBootEntry
  Symbol name  : ZwModifyDriverEntry
  Symbol name  : ZwNotifyChangeDirectoryFile
  Symbol name  : ZwNotifyChangeKey
  Symbol name  : ZwNotifyChangeMultipleKeys
  Symbol name  : ZwOpenDirectoryObject
  Symbol name  : ZwOpenEvent
  Symbol name  : ZwOpenEventPair
  Symbol name  : ZwOpenFile
  Symbol name  : ZwOpenIoCompletion
  Symbol name  : ZwOpenJobObject
  Symbol name  : ZwOpenKey
  Symbol name  : ZwOpenKeyedEvent
  Symbol name  : ZwOpenMutant
  Symbol name  : ZwOpenObjectAuditAlarm
  Symbol name  : ZwOpenProcess
  Symbol name  : ZwOpenProcessToken
  Symbol name  : ZwOpenProcessTokenEx
  Symbol name  : ZwOpenSection
  Symbol name  : ZwOpenSemaphore
  Symbol name  : ZwOpenSymbolicLinkObject
  Symbol name  : ZwOpenThread
  Symbol name  : ZwOpenThreadToken
  Symbol name  : ZwOpenThreadTokenEx
  Symbol name  : ZwOpenTimer
  Symbol name  : ZwPlugPlayControl
  Symbol name  : ZwPowerInformation
  Symbol name  : ZwPrivilegeCheck
  Symbol name  : ZwPrivilegedServiceAuditAlarm
  Symbol name  : ZwPrivilegeObjectAuditAlarm
  Symbol name  : ZwProtectVirtualMemory
  Symbol name  : ZwPulseEvent
  Symbol name  : ZwQueryAttributesFile
  Symbol name  : ZwQueryBootEntryOrder
  Symbol name  : ZwQueryBootOptions
  Symbol name  : ZwQueryDebugFilterState
  Symbol name  : ZwQueryDefaultLocale
  Symbol name  : ZwQueryDefaultUILanguage
  Symbol name  : ZwQueryDirectoryFile
  Symbol name  : ZwQueryDirectoryObject
  Symbol name  : ZwQueryDriverEntryOrder
  Symbol name  : ZwQueryEaFile
  Symbol name  : ZwQueryEvent
  Symbol name  : ZwQueryFullAttributesFile
  Symbol name  : ZwQueryInformationAtom
  Symbol name  : ZwQueryInformationFile
  Symbol name  : ZwQueryInformationJobObject
  Symbol name  : ZwQueryInformationPort
  Symbol name  : ZwQueryInformationProcess
  Symbol name  : ZwQueryInformationThread
  Symbol name  : ZwQueryInformationToken
  Symbol name  : ZwQueryInstallUILanguage
  Symbol name  : ZwQueryIntervalProfile
  Symbol name  : ZwQueryIoCompletion
  Symbol name  : ZwQueryKey
  Symbol name  : ZwQueryMultipleValueKey
  Symbol name  : ZwQueryMutant
  Symbol name  : ZwQueryObject
  Symbol name  : ZwQueryOpenSubKeys
  Symbol name  : ZwQueryOpenSubKeysEx
  Symbol name  : ZwQueryPerformanceCounter
  Symbol name  : ZwQueryPortInformationProcess
  Symbol name  : ZwQueryQuotaInformationFile
  Symbol name  : ZwQuerySection
  Symbol name  : ZwQuerySecurityObject
  Symbol name  : ZwQuerySemaphore
  Symbol name  : ZwQuerySymbolicLinkObject
  Symbol name  : ZwQuerySystemEnvironmentValue
  Symbol name  : ZwQuerySystemEnvironmentValueEx
  Symbol name  : ZwQuerySystemInformation
  Symbol name  : ZwQuerySystemTime
  Symbol name  : ZwQueryTimer
  Symbol name  : ZwQueryTimerResolution
  Symbol name  : ZwQueryValueKey
  Symbol name  : ZwQueryVirtualMemory
  Symbol name  : ZwQueryVolumeInformationFile
  Symbol name  : ZwQueueApcThread
  Symbol name  : ZwRaiseException
  Symbol name  : ZwRaiseHardError
  Symbol name  : ZwReadFile
  Symbol name  : ZwReadFileScatter
  Symbol name  : ZwReadRequestData
  Symbol name  : ZwReadVirtualMemory
  Symbol name  : ZwRegisterThreadTerminatePort
  Symbol name  : ZwReleaseKeyedEvent
  Symbol name  : ZwReleaseMutant
  Symbol name  : ZwReleaseSemaphore
  Symbol name  : ZwRemoveIoCompletion
  Symbol name  : ZwRemoveProcessDebug
  Symbol name  : ZwRenameKey
  Symbol name  : ZwReplaceKey
  Symbol name  : ZwReplyPort
  Symbol name  : ZwReplyWaitReceivePort
  Symbol name  : ZwReplyWaitReceivePortEx
  Symbol name  : ZwReplyWaitReplyPort
  Symbol name  : ZwRequestDeviceWakeup
  Symbol name  : ZwRequestPort
  Symbol name  : ZwRequestWaitReplyPort
  Symbol name  : ZwRequestWakeupLatency
  Symbol name  : ZwResetEvent
  Symbol name  : ZwResetWriteWatch
  Symbol name  : ZwRestoreKey
  Symbol name  : ZwResumeProcess
  Symbol name  : ZwResumeThread
  Symbol name  : ZwSaveKey
  Symbol name  : ZwSaveKeyEx
  Symbol name  : ZwSaveMergedKeys
  Symbol name  : ZwSecureConnectPort
  Symbol name  : ZwSetBootEntryOrder
  Symbol name  : ZwSetBootOptions
  Symbol name  : ZwSetContextThread
  Symbol name  : ZwSetDebugFilterState
  Symbol name  : ZwSetDefaultHardErrorPort
  Symbol name  : ZwSetDefaultLocale
  Symbol name  : ZwSetDefaultUILanguage
  Symbol name  : ZwSetDriverEntryOrder
  Symbol name  : ZwSetEaFile
  Symbol name  : ZwSetEvent
  Symbol name  : ZwSetEventBoostPriority
  Symbol name  : ZwSetHighEventPair
  Symbol name  : ZwSetHighWaitLowEventPair
  Symbol name  : ZwSetInformationDebugObject
  Symbol name  : ZwSetInformationFile
  Symbol name  : ZwSetInformationJobObject
  Symbol name  : ZwSetInformationKey
  Symbol name  : ZwSetInformationObject
  Symbol name  : ZwSetInformationProcess
  Symbol name  : ZwSetInformationThread
  Symbol name  : ZwSetInformationToken
  Symbol name  : ZwSetIntervalProfile
  Symbol name  : ZwSetIoCompletion
  Symbol name  : ZwSetLdtEntries
  Symbol name  : ZwSetLowEventPair
  Symbol name  : ZwSetLowWaitHighEventPair
  Symbol name  : ZwSetQuotaInformationFile
  Symbol name  : ZwSetSecurityObject
  Symbol name  : ZwSetSystemEnvironmentValue
  Symbol name  : ZwSetSystemEnvironmentValueEx
  Symbol name  : ZwSetSystemInformation
  Symbol name  : ZwSetSystemPowerState
  Symbol name  : ZwSetSystemTime
  Symbol name  : ZwSetThreadExecutionState
  Symbol name  : ZwSetTimer
  Symbol name  : ZwSetTimerResolution
  Symbol name  : ZwSetUuidSeed
  Symbol name  : ZwSetValueKey
  Symbol name  : ZwSetVolumeInformationFile
  Symbol name  : ZwShutdownSystem
  Symbol name  : ZwSignalAndWaitForSingleObject
  Symbol name  : ZwStartProfile
  Symbol name  : ZwStopProfile
  Symbol name  : ZwSuspendProcess
  Symbol name  : ZwSuspendThread
  Symbol name  : ZwSystemDebugControl
  Symbol name  : ZwTerminateJobObject
  Symbol name  : ZwTerminateProcess
  Symbol name  : ZwTerminateThread
  Symbol name  : ZwTestAlert
  Symbol name  : ZwTraceEvent
  Symbol name  : ZwTranslateFilePath
  Symbol name  : ZwUnloadDriver
  Symbol name  : ZwUnloadKey
  Symbol name  : ZwUnloadKey2
  Symbol name  : ZwUnloadKeyEx
  Symbol name  : ZwUnlockFile
  Symbol name  : ZwUnlockVirtualMemory
  Symbol name  : ZwUnmapViewOfSection
  Symbol name  : ZwVdmControl
  Symbol name  : ZwWaitForDebugEvent
  Symbol name  : ZwWaitForKeyedEvent
  Symbol name  : ZwWaitForMultipleObjects
  Symbol name  : ZwWaitForMultipleObjects32
  Symbol name  : ZwWaitForSingleObject
  Symbol name  : ZwWaitHighEventPair
  Symbol name  : ZwWaitLowEventPair
  Symbol name  : ZwWriteFile
  Symbol name  : ZwWriteFileGather
  Symbol name  : ZwWriteRequestData
  Symbol name  : ZwWriteVirtualMemory
  Symbol name  : ZwYieldExecution
